Component: ARM Compiler 5.06 update 4 (build 422) Tool: armlink [4d35d2]

==============================================================================

Section Cross References

    system_mk60d10.o(.text) refers to system_mk60d10.o(.data) for SystemCoreClock
    startup_mk60d10.o(STACK) refers (Special) to heapauxi.o(.text) for __use_two_region_memory
    startup_mk60d10.o(HEAP) refers (Special) to heapauxi.o(.text) for __use_two_region_memory
    startup_mk60d10.o(RESET) refers (Special) to heapauxi.o(.text) for __use_two_region_memory
    startup_mk60d10.o(RESET) refers to startup_mk60d10.o(STACK) for __initial_sp
    startup_mk60d10.o(RESET) refers to startup_mk60d10.o(.text) for Reset_Handler
    startup_mk60d10.o(RESET) refers to common.o(.text) for NMI_Handler
    startup_mk60d10.o(RESET) refers to dma.o(.text) for DMA0_IRQHandler
    startup_mk60d10.o(RESET) refers to wdog.o(.text) for Watchdog_IRQHandler
    startup_mk60d10.o(RESET) refers to spi.o(.text) for SPI0_IRQHandler
    startup_mk60d10.o(RESET) refers to can.o(.text) for CAN0_ORed_Message_buffer_IRQHandler
    startup_mk60d10.o(RESET) refers to uart.o(.text) for UART0_RX_TX_IRQHandler
    startup_mk60d10.o(RESET) refers to adc.o(.text) for ADC0_IRQHandler
    startup_mk60d10.o(RESET) refers to ftm.o(.text) for FTM0_IRQHandler
    startup_mk60d10.o(RESET) refers to rtc.o(.text) for RTC_IRQHandler
    startup_mk60d10.o(RESET) refers to pit.o(.text) for PIT0_IRQHandler
    startup_mk60d10.o(RESET) refers to pdb.o(.text) for PDB0_IRQHandler
    startup_mk60d10.o(RESET) refers to enet.o(.text) for ENET_Transmit_IRQHandler
    startup_mk60d10.o(RESET) refers to dac.o(.text) for DAC0_IRQHandler
    startup_mk60d10.o(RESET) refers to tsi.o(.text) for TSI0_IRQHandler
    startup_mk60d10.o(RESET) refers to lptmr.o(.text) for LPTimer_IRQHandler
    startup_mk60d10.o(RESET) refers to gpio.o(.text) for PORTA_IRQHandler
    startup_mk60d10.o(.ARM.__at_0x400) refers (Special) to heapauxi.o(.text) for __use_two_region_memory
    startup_mk60d10.o(.text) refers (Special) to heapauxi.o(.text) for __use_two_region_memory
    startup_mk60d10.o(.text) refers to system_mk60d10.o(.text) for SystemInit
    startup_mk60d10.o(.text) refers to __main.o(!!!main) for __main
    startup_mk60d10.o(.text) refers to startup_mk60d10.o(HEAP) for Heap_Mem
    startup_mk60d10.o(.text) refers to startup_mk60d10.o(STACK) for Stack_Mem
    main.o(.text) refers to _printf_percent.o(.ARM.Collect$$_printf_percent$$00000000) for _printf_percent
    main.o(.text) refers to _printf_d.o(.ARM.Collect$$_printf_percent$$00000009) for _printf_d
    main.o(.text) refers to _printf_dec.o(.text) for _printf_int_dec
    main.o(.text) refers to common.o(.text) for DelayInit
    main.o(.text) refers to uart.o(.text) for UART_QuickInit
    main.o(.text) refers to adc.o(.text) for ADC_Init
    main.o(.text) refers to noretval__2printf.o(.text) for __2printf
    main.o(.text) refers to myoled.o(.text) for OLED_Init
    main.o(.text) refers to fflt_clz.o(x$fpl$ffltu) for __aeabi_ui2f
    main.o(.text) refers to f2d.o(x$fpl$f2d) for __aeabi_f2d
    main.o(.text) refers to dmul.o(x$fpl$dmul) for __aeabi_dmul
    main.o(.text) refers to ddiv.o(x$fpl$ddiv) for __aeabi_ddiv
    main.o(.text) refers to d2f.o(x$fpl$d2f) for __aeabi_d2f
    main.o(.text) refers to ffixu.o(x$fpl$ffixu) for __aeabi_f2uiz
    main.o(.text) refers to faddsub_clz.o(x$fpl$frsb) for __aeabi_frsub
    main.o(.text) refers to fmul.o(x$fpl$fmul) for __aeabi_fmul
    gpio.o(.text) refers to gpio.o(.constdata) for SIM_GPIOClockGateTable
    gpio.o(.text) refers to gpio.o(.bss) for GPIO_CallBackTable
    uart.o(.text) refers to common.o(.text) for GetClock
    uart.o(.text) refers to uart.o(.constdata) for UARTBase
    uart.o(.text) refers to uart.o(.data) for UART_DebugInstance
    uart.o(.text) refers to gpio.o(.text) for PORT_PinMuxConfig
    uart.o(.text) refers to uart.o(.bss) for UART_CallBackTxTable
    uart.o(.data) refers to uart.o(.conststring) for .conststring
    wdog.o(.text) refers to common.o(.text) for GetClock
    wdog.o(.text) refers to wdog.o(.data) for WDOG_CallBackTable
    pit.o(.text) refers to common.o(.text) for GetClock
    pit.o(.text) refers to pit.o(.data) for fac_us
    pit.o(.text) refers to pit.o(.constdata) for PIT_IRQnTable
    pit.o(.text) refers to pit.o(.bss) for PIT_CallBackTable
    cpuidy.o(.text) refers to cpuidy.o(.data) for CPUIDY_FamIDTable
    cpuidy.o(.text) refers to cpuidy.o(.constdata) for CPUIDY_PinCountTable
    cpuidy.o(.data) refers to cpuidy.o(.conststring) for .conststring
    adc.o(.text) refers to adc.o(.constdata) for ADC_InstanceTable
    adc.o(.text) refers to gpio.o(.text) for PORT_PinMuxConfig
    adc.o(.text) refers to adc.o(.data) for ADC_CallBackTable
    ftm.o(.text) refers to ftm.o(.constdata) for SIM_FTMClockGateTable
    ftm.o(.text) refers to gpio.o(.text) for PORT_PinMuxConfig
    ftm.o(.text) refers to common.o(.text) for GetClock
[...]
    ..\..\..\..\Libraries\drivers\K\src\common.c 0x00000000   Number         0  common.o ABSOLUTE
    ..\..\..\..\Libraries\drivers\K\src\cpuidy.c 0x00000000   Number         0  cpuidy.o ABSOLUTE
    ..\..\..\..\Libraries\drivers\K\src\crc.c 0x00000000   Number         0  crc.o ABSOLUTE
    ..\..\..\..\Libraries\drivers\K\src\dac.c 0x00000000   Number         0  dac.o ABSOLUTE
    ..\..\..\..\Libraries\drivers\K\src\dma.c 0x00000000   Number         0  dma.o ABSOLUTE
    ..\..\..\..\Libraries\drivers\K\src\enet.c 0x00000000   Number         0  enet.o ABSOLUTE
    ..\..\..\..\Libraries\drivers\K\src\flexbus.c 0x00000000   Number         0  flexbus.o ABSOLUTE
    ..\..\..\..\Libraries\drivers\K\src\ftm.c 0x00000000   Number         0  ftm.o ABSOLUTE
    ..\..\..\..\Libraries\drivers\K\src\gpio.c 0x00000000   Number         0  gpio.o ABSOLUTE
    ..\..\..\..\Libraries\drivers\K\src\i2c.c 0x00000000   Number         0  i2c.o ABSOLUTE
    ..\..\..\..\Libraries\drivers\K\src\lptmr.c 0x00000000   Number         0  lptmr.o ABSOLUTE
    ..\..\..\..\Libraries\drivers\K\src\pdb.c 0x00000000   Number         0  pdb.o ABSOLUTE
    ..\..\..\..\Libraries\drivers\K\src\pit.c 0x00000000   Number         0  pit.o ABSOLUTE
    ..\..\..\..\Libraries\drivers\K\src\rtc.c 0x00000000   Number         0  rtc.o ABSOLUTE
    ..\..\..\..\Libraries\drivers\K\src\sd.c 0x00000000   Number         0  sd.o ABSOLUTE
    ..\..\..\..\Libraries\drivers\K\src\spi.c 0x00000000   Number         0  spi.o ABSOLUTE
    ..\..\..\..\Libraries\drivers\K\src\systick.c 0x00000000   Number         0  systick.o ABSOLUTE
    ..\..\..\..\Libraries\drivers\K\src\tsi.c 0x00000000   Number         0  tsi.o ABSOLUTE
    ..\..\..\..\Libraries\drivers\K\src\uart.c 0x00000000   Number         0  uart.o ABSOLUTE
    ..\..\..\..\Libraries\drivers\K\src\vref.c 0x00000000   Number         0  vref.o ABSOLUTE
    ..\..\..\..\Libraries\drivers\K\src\wdog.c 0x00000000   Number         0  wdog.o ABSOLUTE
    ..\..\..\..\Libraries\startup\DeviceSupport\MDK-ARM\startup_MK60D10.s 0x00000000   Number         0  startup_mk60d10.o ABSOLUTE
    ..\..\..\..\Libraries\startup\DeviceSupport\system_MK60D10.c 0x00000000   Number         0  system_mk60d10.o ABSOLUTE
    ..\\..\\..\\..\\Libraries\\devices\\src\\myoled.c 0x00000000   Number         0  myoled.o ABSOLUTE
    ..\\..\\..\\..\\Libraries\\drivers\\K\\src\\adc.c 0x00000000   Number         0  adc.o ABSOLUTE
    ..\\..\\..\\..\\Libraries\\drivers\\K\\src\\can.c 0x00000000   Number         0  can.o ABSOLUTE
    ..\\..\\..\\..\\Libraries\\drivers\\K\\src\\common.c 0x00000000   Number         0  common.o ABSOLUTE
    ..\\..\\..\\..\\Libraries\\drivers\\K\\src\\cpuidy.c 0x00000000   Number         0  cpuidy.o ABSOLUTE
    ..\\..\\..\\..\\Libraries\\drivers\\K\\src\\crc.c 0x00000000   Number         0  crc.o ABSOLUTE
    ..\\..\\..\\..\\Libraries\\drivers\\K\\src\\dac.c 0x00000000   Number         0  dac.o ABSOLUTE
    ..\\..\\..\\..\\Libraries\\drivers\\K\\src\\dma.c 0x00000000   Number         0  dma.o ABSOLUTE
    ..\\..\\..\\..\\Libraries\\drivers\\K\\src\\enet.c 0x00000000   Number         0  enet.o ABSOLUTE
    ..\\..\\..\\..\\Libraries\\drivers\\K\\src\\flexbus.c 0x00000000   Number         0  flexbus.o ABSOLUTE
    ..\\..\\..\\..\\Libraries\\drivers\\K\\src\\ftm.c 0x00000000   Number         0  ftm.o ABSOLUTE
    ..\\..\\..\\..\\Libraries\\drivers\\K\\src\\gpio.c 0x00000000   Number         0  gpio.o ABSOLUTE
    ..\\..\\..\\..\\Libraries\\drivers\\K\\src\\i2c.c 0x00000000   Number         0  i2c.o ABSOLUTE
    ..\\..\\..\\..\\Libraries\\drivers\\K\\src\\lptmr.c 0x00000000   Number         0  lptmr.o ABSOLUTE
    ..\\..\\..\\..\\Libraries\\drivers\\K\\src\\pdb.c 0x00000000   Number         0  pdb.o ABSOLUTE
    ..\\..\\..\\..\\Libraries\\drivers\\K\\src\\pit.c 0x00000000   Number         0  pit.o ABSOLUTE
    ..\\..\\..\\..\\Libraries\\drivers\\K\\src\\rtc.c 0x00000000   Number         0  rtc.o ABSOLUTE
    ..\\..\\..\\..\\Libraries\\drivers\\K\\src\\sd.c 0x00000000   Number         0  sd.o ABSOLUTE
    ..\\..\\..\\..\\Libraries\\drivers\\K\\src\\spi.c 0x00000000   Number         0  spi.o ABSOLUTE
    ..\\..\\..\\..\\Libraries\\drivers\\K\\src\\systick.c 0x00000000   Number         0  systick.o ABSOLUTE
    ..\\..\\..\\..\\Libraries\\drivers\\K\\src\\tsi.c 0x00000000   Number         0  tsi.o ABSOLUTE
    ..\\..\\..\\..\\Libraries\\drivers\\K\\src\\uart.c 0x00000000   Number         0  uart.o ABSOLUTE
    ..\\..\\..\\..\\Libraries\\drivers\\K\\src\\vref.c 0x00000000   Number         0  vref.o ABSOLUTE
    ..\\..\\..\\..\\Libraries\\drivers\\K\\src\\wdog.c 0x00000000   Number         0  wdog.o ABSOLUTE
    ..\\..\\..\\..\\Libraries\\startup\\DeviceSupport\\system_MK60D10.c 0x00000000   Number         0  system_mk60d10.o ABSOLUTE
    ..\\src\\main.c                          0x00000000   Number         0  main.o ABSOLUTE
    ..\src\main.c                            0x00000000   Number         0  main.o ABSOLUTE
    dc.s                                     0x00000000   Number         0  dc.o ABSOLUTE
    .ARM.__at_0x400                          0x00000400   Section       16  startup_mk60d10.o(.ARM.__at_0x400)
    !!!main                                  0x00000410   Section        8  __main.o(!!!main)
    !!!scatter                               0x00000418   Section       52  __scatter.o(!!!scatter)
    !!handler_copy                           0x0000044c   Section       26  __scatter_copy.o(!!handler_copy)
    !!handler_zi                             0x00000468   Section       28  __scatter_zi.o(!!handler_zi)
    .ARM.Collect$$_printf_percent$$00000000  0x00000484   Section        0  _printf_percent.o(.ARM.Collect$$_printf_percent$$00000000)
    .ARM.Collect$$_printf_percent$$00000009  0x00000484   Section        6  _printf_d.o(.ARM.Collect$$_printf_percent$$00000009)
    .ARM.Collect$$_printf_percent$$00000017  0x0000048a   Section        4  _printf_percent_end.o(.ARM.Collect$$_printf_percent$$00000017)
    .ARM.Collect$$libinit$$00000000          0x0000048e   Section        2  libinit.o(.ARM.Collect$$libinit$$00000000)
    .ARM.Collect$$libinit$$00000002          0x00000490   Section        0  libinit2.o(.ARM.Collect$$libinit$$00000002)
    .ARM.Collect$$libinit$$00000004          0x00000490   Section        0  libinit2.o(.ARM.Collect$$libinit$$00000004)
    .ARM.Collect$$libinit$$0000000A          0x00000490   Section        0  libinit2.o(.ARM.Collect$$libinit$$0000000A)
    .ARM.Collect$$libinit$$0000000C          0x00000490   Section        0  libinit2.o(.ARM.Collect$$libinit$$0000000C)
    .ARM.Collect$$libinit$$0000000E          0x00000490   Section        0  libinit2.o(.ARM.Collect$$libinit$$0000000E)
    .ARM.Collect$$libinit$$00000011          0x00000490   Section        0  libinit2.o(.ARM.Collect$$libinit$$00000011)
    .ARM.Collect$$libinit$$00000013          0x00000490   Section        0  libinit2.o(.ARM.Collect$$libinit$$00000013)
    .ARM.Collect$$libinit$$00000015          0x00000490   Section        0  libinit2.o(.ARM.Collect$$libinit$$00000015)
    .ARM.Collect$$libinit$$00000017          0x00000490   Section        0  libinit2.o(.ARM.Collect$$libinit$$00000017)
    .ARM.Collect$$libinit$$00000019          0x00000490   Section        0  libinit2.o(.ARM.Collect$$libinit$$00000019)
    .ARM.Collect$$libinit$$0000001B          0x00000490   Section        0  libinit2.o(.ARM.Collect$$libinit$$0000001B)
    .ARM.Collect$$libinit$$0000001D          0x00000490   Section        0  libinit2.o(.ARM.Collect$$libinit$$0000001D)
    .ARM.Collect$$libinit$$0000001F          0x00000490   Section        0  libinit2.o(.ARM.Collect$$libinit$$0000001F)
    .ARM.Collect$$libinit$$00000021          0x00000490   Section        0  libinit2.o(.ARM.Collect$$libinit$$00000021)
    .ARM.Collect$$libinit$$00000023          0x00000490   Section        0  libinit2.o(.ARM.Collect$$libinit$$00000023)
    .ARM.Collect$$libinit$$00000025          0x00000490   Section        0  libinit2.o(.ARM.Collect$$libinit$$00000025)
    .ARM.Collect$$libinit$$0000002C          0x00000490   Section        0  libinit2.o(.ARM.Collect$$libinit$$0000002C)
    .ARM.Collect$$libinit$$0000002E          0x00000490   Section        0  libinit2.o(.ARM.Collect$$libinit$$0000002E)
    .ARM.Collect$$libinit$$00000030          0x00000490   Section        0  libinit2.o(.ARM.Collect$$libinit$$00000030)
    .ARM.Collect$$libinit$$00000032          0x00000490   Section        0  libinit2.o(.ARM.Collect$$libinit$$00000032)
    .ARM.Collect$$libinit$$00000033          0x00000490   Section        2  libinit2.o(.ARM.Collect$$libinit$$00000033)
    .ARM.Collect$$libshutdown$$00000000      0x00000492   Section        2  libshutdown.o(.ARM.Collect$$libshutdown$$00000000)
    .ARM.Collect$$libshutdown$$00000002      0x00000494   Section        0  libshutdown2.o(.ARM.Collect$$libshutdown$$00000002)
    .ARM.Collect$$libshutdown$$00000004      0x00000494   Section        0  libshutdown2.o(.ARM.Collect$$libshutdown$$00000004)
    .ARM.Collect$$libshutdown$$00000007      0x00000494   Section        0  libshutdown2.o(.ARM.Collect$$libshutdown$$00000007)
    .ARM.Collect$$libshutdown$$0000000A      0x00000494   Section        0  libshutdown2.o(.ARM.Collect$$libshutdown$$0000000A)
    .ARM.Collect$$libshutdown$$0000000C      0x00000494   Section        0  libshutdown2.o(.ARM.Collect$$libshutdown$$0000000C)
    .ARM.Collect$$libshutdown$$0000000F      0x00000494   Section        0  libshutdown2.o(.ARM.Collect$$libshutdown$$0000000F)
    .ARM.Collect$$libshutdown$$00000010      0x00000494   Section        2  libshutdown2.o(.ARM.Collect$$libshutdown$$00000010)
    .ARM.Collect$$rtentry$$00000000          0x00000496   Section        0  __rtentry.o(.ARM.Collect$$rtentry$$00000000)
    .ARM.Collect$$rtentry$$00000002          0x00000496   Section        0  __rtentry2.o(.ARM.Collect$$rtentry$$00000002)
    .ARM.Collect$$rtentry$$00000004          0x00000496   Section        6  __rtentry4.o(.ARM.Collect$$rtentry$$00000004)
    .ARM.Collect$$rtentry$$00000009          0x0000049c   Section        0  __rtentry2.o(.ARM.Collect$$rtentry$$00000009)
    .ARM.Collect$$rtentry$$0000000A          0x0000049c   Section        4  __rtentry2.o(.ARM.Collect$$rtentry$$0000000A)
    .ARM.Collect$$rtentry$$0000000C          0x000004a0   Section        0  __rtentry2.o(.ARM.Collect$$rtentry$$0000000C)
    .ARM.Collect$$rtentry$$0000000D          0x000004a0   Section        8  __rtentry2.o(.ARM.Collect$$rtentry$$0000000D)
    .ARM.Collect$$rtexit$$00000000           0x000004a8   Section        2  rtexit.o(.ARM.Collect$$rtexit$$00000000)
    .ARM.Collect$$rtexit$$00000002           0x000004aa   Section        0  rtexit2.o(.ARM.Collect$$rtexit$$00000002)
    .ARM.Collect$$rtexit$$00000003           0x000004aa   Section        4  rtexit2.o(.ARM.Collect$$rtexit$$00000003)
    .ARM.Collect$$rtexit$$00000004           0x000004ae   Section        6  rtexit2.o(.ARM.Collect$$rtexit$$00000004)
    .revsh_text                              0x000004b4   Section        4  enet.o(.revsh_text)
    .text                                    0x000004b8   Section        0  system_mk60d10.o(.text)
    .text                                    0x00000674   Section       64  startup_mk60d10.o(.text)
    .text                                    0x000006b4   Section        0  main.o(.text)
    .text                                    0x00000a0c   Section        0  gpio.o(.text)
    PORT_IRQHandler                          0x00000f1b   Thumb Code    48  gpio.o(.text)
    NVIC_EnableIRQ                           0x00000f7d   Thumb Code    22  gpio.o(.text)
    .text                                    0x00000fa8   Section        0  uart.o(.text)
    UART_putstr                              0x0000109d   Thumb Code    26  uart.o(.text)
    printn                                   0x000010b7   Thumb Code    48  uart.o(.text)
    UART_IRQ_Handler                         0x000017ed   Thumb Code   190  uart.o(.text)
    NVIC_EnableIRQ                           0x000018e7   Thumb Code    22  uart.o(.text)
    .text                                    0x00001908   Section        0  wdog.o(.text)
    WDOG_Unlock                              0x00001909   Thumb Code    20  wdog.o(.text)
    .text                                    0x00001a68   Section        0  pit.o(.text)
    PIT_IRQHandler                           0x00001b99   Thumb Code    42  pit.o(.text)
    .text                                    0x00001c08   Section        0  adc.o(.text)
    .text                                    0x00002214   Section        0  ftm.o(.text)
    _FTM_InitBasic                           0x00002215   Thumb Code   110  ftm.o(.text)
    get_chl_pair_index                       0x00002283   Thumb Code    40  ftm.o(.text)
    FTM_DualChlConfig                        0x000022ab   Thumb Code   180  ftm.o(.text)
    FTM_SetMode                              0x000023e3   Thumb Code  1140  ftm.o(.text)
    .text                                    0x00003034   Section        0  spi.o(.text)
    dspi_hal_set_baud                        0x00003035   Thumb Code   226  spi.o(.text)
    SPI_IRQHandler                           0x0000352b   Thumb Code    42  spi.o(.text)
    .text                                    0x0000357c   Section        0  lptmr.o(.text)
    .text                                    0x000037b8   Section        0  dma.o(.text)
    DMA_IRQHandler                           0x00003b4f   Thumb Code    30  dma.o(.text)
    .text                                    0x00003c2c   Section        0  rtc.o(.text)
    RTC_DateTimeToSecond                     0x00003c99   Thumb Code   122  rtc.o(.text)
    RTC_SecondToDateTime                     0x00003d13   Thumb Code   148  rtc.o(.text)
    NVIC_EnableIRQ                           0x00003ff5   Thumb Code    22  rtc.o(.text)
    .text                                    0x0000402c   Section        0  enet.o(.text)
    ENET_BDInit                              0x0000402d   Thumb Code   204  enet.o(.text)
    ENET_HashAddress                         0x000040f9   Thumb Code    58  enet.o(.text)
    ENET_SetAddress                          0x00004133   Thumb Code   106  enet.o(.text)
    NVIC_EnableIRQ                           0x000045bb   Thumb Code    22  enet.o(.text)
    .text                                    0x000045e4   Section        0  tsi.o(.text)
    TSI_Calibration                          0x000045f1   Thumb Code    86  tsi.o(.text)
    NVIC_EnableIRQ                           0x00004825   Thumb Code    22  tsi.o(.text)
    .text                                    0x00004850   Section        0  common.o(.text)
    .text                                    0x000049c0   Section        0  can.o(.text)
    CAN_SetBaudrate                          0x000049c1   Thumb Code   200  can.o(.text)
    set_id                                   0x00004a89   Thumb Code   118  can.o(.text)
    is_mb_idle                               0x00004d0f   Thumb Code    40  can.o(.text)
    NVIC_EnableIRQ                           0x00005185   Thumb Code    22  can.o(.text)
    .text                                    0x000051a8   Section        0  dac.o(.text)
    DAC_IRQHandler                           0x000056ad   Thumb Code   122  dac.o(.text)
    NVIC_EnableIRQ                           0x0000573b   Thumb Code    22  dac.o(.text)
    .text                                    0x00005758   Section        0  pdb.o(.text)
    _PDB_SetCounterPeriod                    0x00005767   Thumb Code   188  pdb.o(.text)
    .text                                    0x00005a78   Section        0  myoled.o(.text)
    .text                                    0x00005f3c   Section        0  noretval__2printf.o(.text)
    .text                                    0x00005f54   Section        0  __printf.o(.text)
    .text                                    0x00005fbc   Section        0  _printf_dec.o(.text)
    .text                                    0x00006034   Section      138  rt_memcpy_v6.o(.text)
    .text                                    0x000060be   Section        0  heapauxi.o(.text)
    .text                                    0x000060c4   Section        0  _printf_intcommon.o(.text)
    .text                                    0x00006178   Section        0  _printf_char_file.o(.text)
    .text                                    0x0000619c   Section      100  rt_memcpy_w.o(.text)
    .text                                    0x00006200   Section        0  _printf_char_common.o(.text)
    _printf_input_char                       0x00006201   Thumb Code    10  _printf_char_common.o(.text)
    .text                                    0x00006230   Section        0  ferror.o(.text)
    .text                                    0x00006238   Section       74  sys_stackheap_outer.o(.text)
    .text                                    0x00006282   Section        0  exit.o(.text)
    .text                                    0x00006294   Section        8  libspace.o(.text)
    .text                                    0x0000629c   Section        0  sys_exit.o(.text)
    .text                                    0x000062a8   Section        2  use_no_semi.o(.text)
    .text                                    0x000062aa   Section        0  indicate_semi.o(.text)
    x$fpl$d2f                                0x000062ac   Section       98  d2f.o(x$fpl$d2f)
    x$fpl$ddiv                               0x00006310   Section      688  ddiv.o(x$fpl$ddiv)
    ddiv_entry                               0x00006317   Thumb Code     0  ddiv.o(x$fpl$ddiv)
    x$fpl$dmul                               0x000065c0   Section      340  dmul.o(x$fpl$dmul)
    x$fpl$dnaninf                            0x00006714   Section      156  dnaninf.o(x$fpl$dnaninf)
    x$fpl$dretinf                            0x000067b0   Section       12  dretinf.o(x$fpl$dretinf)
    x$fpl$f2d                                0x000067bc   Section       86  f2d.o(x$fpl$f2d)
    x$fpl$fadd                               0x00006814   Section      196  faddsub_clz.o(x$fpl$fadd)
    _fadd1                                   0x00006823   Thumb Code     0  faddsub_clz.o(x$fpl$fadd)
    x$fpl$ffixu                              0x000068d8   Section       62  ffixu.o(x$fpl$ffixu)
    x$fpl$ffltu                              0x00006918   Section       38  fflt_clz.o(x$fpl$ffltu)
    x$fpl$fmul                               0x00006940   Section      258  fmul.o(x$fpl$fmul)
    x$fpl$fnaninf                            0x00006a42   Section      140  fnaninf.o(x$fpl$fnaninf)
    x$fpl$fretinf                            0x00006ace   Section       10  fretinf.o(x$fpl$fretinf)
    x$fpl$frsb                               0x00006ad8   Section       20  faddsub_clz.o(x$fpl$frsb)
    x$fpl$fsub                               0x00006aec   Section      234  faddsub_clz.o(x$fpl$fsub)
    _fsub1                                   0x00006afb   Thumb Code     0  faddsub_clz.o(x$fpl$fsub)
    x$fpl$usenofp                            0x00006bd6   Section        0  usenofp.o(x$fpl$usenofp)
    .constdata                               0x00006bd8   Section       65  gpio.o(.constdata)
    GPIO_InstanceTable                       0x00006bd8   Data          20  gpio.o(.constdata)
    PORT_InstanceTable                       0x00006bec   Data          20  gpio.o(.constdata)
    SIM_GPIOClockGateTable                   0x00006c00   Data          20  gpio.o(.constdata)
    GPIO_IRQnTable                           0x00006c14   Data           5  gpio.o(.constdata)
    .constdata                               0x00006c1c   Section      132  uart.o(.constdata)
    UARTBase                                 0x00006c1c   Data          24  uart.o(.constdata)
    ClkTbl                                   0x00006c34   Data          72  uart.o(.constdata)
    UART_IRQnTable                           0x00006c7c   Data           6  uart.o(.constdata)
    UART_TIFOSizeTable                       0x00006c84   Data          28  uart.o(.constdata)
    .constdata                               0x00006ca0   Section        4  pit.o(.constdata)
    PIT_IRQnTable                            0x00006ca0   Data           4  pit.o(.constdata)
    .constdata                               0x00006ca4   Section       34  adc.o(.constdata)
    ADC_InstanceTable                        0x00006ca4   Data           8  adc.o(.constdata)
    SIM_ADCClockGateTable                    0x00006cac   Data          24  adc.o(.constdata)
    ADC_IRQnTable                            0x00006cc4   Data           2  adc.o(.constdata)
    .constdata                               0x00006cc8   Section       63  ftm.o(.constdata)
    FTM_InstanceTable                        0x00006cc8   Data          12  ftm.o(.constdata)
    FTM_ChlMaxTable                          0x00006cd4   Data          12  ftm.o(.constdata)
    SIM_FTMClockGateTable                    0x00006ce0   Data          36  ftm.o(.constdata)
    FTM_IRQnTable                            0x00006d04   Data           3  ftm.o(.constdata)
    .constdata                               0x00006d08   Section      132  spi.o(.constdata)
    SIM_SPIClockGateTable                    0x00006d14   Data          36  spi.o(.constdata)
    SPI_IRQnTable                            0x00006d38   Data           3  spi.o(.constdata)
    s_baudratePrescaler                      0x00006d3c   Data          16  spi.o(.constdata)
    s_baudrateScaler                         0x00006d4c   Data          64  spi.o(.constdata)
    .constdata                               0x00006d8c   Section       16  lptmr.o(.constdata)
    LPTMR_IRQnTable                          0x00006d8c   Data           1  lptmr.o(.constdata)
    SIM_LPTMRClockGateTable                  0x00006d90   Data          12  lptmr.o(.constdata)
    .constdata                               0x00006d9c   Section       20  dma.o(.constdata)
    DMAMUX_InstanceTable                     0x00006d9c   Data           4  dma.o(.constdata)
    DMA_IRQnTable                            0x00006da0   Data          16  dma.o(.constdata)
    .constdata                               0x00006db0   Section       52  rtc.o(.constdata)
    ULY                                      0x00006db0   Data          13  rtc.o(.constdata)
    LY                                       0x00006dbd   Data          13  rtc.o(.constdata)
    MONTH_DAYS                               0x00006dca   Data          26  rtc.o(.constdata)
    .constdata                               0x00006de4   Section       34  can.o(.constdata)
    ClkTbl                                   0x00006dec   Data          24  can.o(.constdata)
    CAN_IRQnTable                            0x00006e04   Data           2  can.o(.constdata)
    .constdata                               0x00006e08   Section       10  dac.o(.constdata)
    DAC_InstanceTable                        0x00006e08   Data           8  dac.o(.constdata)
    DAC_IRQnTable                            0x00006e10   Data           2  dac.o(.constdata)
    .constdata                               0x00006e12   Section        4  pdb.o(.constdata)
    MULT                                     0x00006e12   Data           4  pdb.o(.constdata)
    .constdata                               0x00006e16   Section     6080  myoled.o(.constdata)
    .conststring                             0x000085d8   Section       17  uart.o(.conststring)
    .data                                    0x1fff0000   Section        4  system_mk60d10.o(.data)
    .data                                    0x1fff0004   Section       17  uart.o(.data)
    UART_DebugInstance                       0x1fff0004   Data           1  uart.o(.data)
    ntab                                     0x1fff0010   Data           4  uart.o(.data)
    is_fitst_init                            0x1fff0014   Data           1  uart.o(.data)
    .data                                    0x1fff0018   Section        4  wdog.o(.data)
    WDOG_CallBackTable                       0x1fff0018   Data           4  wdog.o(.data)
    .data                                    0x1fff001c   Section        4  lptmr.o(.data)
    LPTMR_CallBackTable                      0x1fff001c   Data           4  lptmr.o(.data)
    .data                                    0x1fff0020   Section       52  rtc.o(.data)
    RTC_CallBackTable                        0x1fff0020   Data           4  rtc.o(.data)
    mdays                                    0x1fff0024   Data          48  rtc.o(.data)
    .data                                    0x1fff0054   Section       16  enet.o(.data)
    pxENETTxDescriptor                       0x1fff0054   Data           4  enet.o(.data)
    pxENETRxDescriptors                      0x1fff0058   Data           4  enet.o(.data)
    ENET_CallBackTxTable                     0x1fff005c   Data           4  enet.o(.data)
    ENET_CallBackRxTable                     0x1fff0060   Data           4  enet.o(.data)
    .data                                    0x1fff0064   Section       68  tsi.o(.data)
    TSI_CallBackTable                        0x1fff0064   Data           4  tsi.o(.data)
    TSI_ChlCNTRTable                         0x1fff0068   Data          64  tsi.o(.data)
    .data                                    0x1fff00a8   Section        8  can.o(.data)
    CAN_CallBackTable                        0x1fff00a8   Data           8  can.o(.data)
    .data                                    0x1fff00b0   Section        4  pdb.o(.data)
    PDB_CallBackTable                        0x1fff00b0   Data           4  pdb.o(.data)
    .bss                                     0x1fff00b4   Section       20  gpio.o(.bss)
    GPIO_CallBackTable                       0x1fff00b4   Data          20  gpio.o(.bss)
    .bss                                     0x1fff00c8   Section       48  uart.o(.bss)
    UART_CallBackTxTable                     0x1fff00c8   Data          24  uart.o(.bss)
    UART_CallBackRxTable                     0x1fff00e0   Data          24  uart.o(.bss)
    .bss                                     0x1fff00f8   Section       16  pit.o(.bss)
    PIT_CallBackTable                        0x1fff00f8   Data          16  pit.o(.bss)
    .bss                                     0x1fff0108   Section       12  ftm.o(.bss)
    FTM_CallBackTable                        0x1fff0108   Data          12  ftm.o(.bss)
    .bss                                     0x1fff0114   Section       12  spi.o(.bss)
    SPI_CallBackTable                        0x1fff0114   Data          12  spi.o(.bss)
    .bss                                     0x1fff0120   Section       64  dma.o(.bss)
    DMA_CallBackTable                        0x1fff0120   Data          64  dma.o(.bss)
    .bss                                     0x1fff0160   Section     1630  enet.o(.bss)
    xENETTxDescriptors_unaligned             0x1fff0160   Data          48  enet.o(.bss)
    xENETRxDescriptors_unaligned             0x1fff0190   Data          48  enet.o(.bss)
    ucENETRxBuffers                          0x1fff01c0   Data        1534  enet.o(.bss)
    .bss                                     0x1fff07be   Section     1024  myoled.o(.bss)
    .bss                                     0x1fff0bc0   Section       96  libspace.o(.bss)
    HEAP                                     0x1fff0c20   Section     1024  startup_mk60d10.o(HEAP)
    Heap_Mem                                 0x1fff0c20   Data        1024  startup_mk60d10.o(HEAP)
    .data                                    0x20000000   Section        4  pit.o(.data)
    fac_us                                   0x20000000   Data           4  pit.o(.data)
    .data                                    0x20000004   Section        8  adc.o(.data)
    ADC_CallBackTable                        0x20000004   Data           8  adc.o(.data)
    .data                                    0x2000000c   Section        4  dma.o(.data)
    DMAChlMAP                                0x2000000c   Data           4  dma.o(.data)
    .data                                    0x20000010   Section        8  dac.o(.data)
    DAC_CallBackTable                        0x20000010   Data           8  dac.o(.data)
    STACK                                    0x20000018   Section     4096  startup_mk60d10.o(STACK)
    Stack_Mem                                0x20000018   Data        4096  startup_mk60d10.o(STACK)
    __initial_sp                             0x20001018   Data           0  startup_mk60d10.o(STACK)

    Global Symbols

    Symbol Name                              Value     Ov Type        Size  Object(Section)

    BuildAttributes$$THM_ISAv4$E$P$D$K$B$S$7EM$PE$A:L22UL41UL21$X:L11$S22US41US21$IEEE1$IW$USESV6$~STKCKD$USESV7$~SHL$OSPACE$ROPI$EBA8$UX$STANDARDLIB$REQ8$PRES8$EABIv2 0x00000000   Number         0  anon$$obj.o ABSOLUTE
    __ARM_use_no_argv                        0x00000000   Number         0  main.o ABSOLUTE
    __Vectors                                0x00000000   Data           4  startup_mk60d10.o(RESET)
    __ARM_exceptions_init                     - Undefined Weak Reference
    __alloca_initialize                       - Undefined Weak Reference
    __arm_preinit_                            - Undefined Weak Reference
    __cpp_initialize__aeabi_                  - Undefined Weak Reference
    __cxa_finalize                            - Undefined Weak Reference
    __rt_locale                               - Undefined Weak Reference
    __sigvec_lookup                           - Undefined Weak Reference
    _atexit_init                              - Undefined Weak Reference
    _call_atexit_fns                          - Undefined Weak Reference
    _clock_init                               - Undefined Weak Reference
    _fp_trap_init                             - Undefined Weak Reference
    _fp_trap_shutdown                         - Undefined Weak Reference
    _get_lc_collate                           - Undefined Weak Reference
    _get_lc_ctype                             - Undefined Weak Reference
    _get_lc_monetary                          - Undefined Weak Reference
    _get_lc_numeric                           - Undefined Weak Reference
    _get_lc_time                              - Undefined Weak Reference
    _getenv_init                              - Undefined Weak Reference
    _handle_redirection                       - Undefined Weak Reference
    _init_alloc                               - Undefined Weak Reference
    _init_user_alloc                          - Undefined Weak Reference
    _initio                                   - Undefined Weak Reference
    _mutex_acquire                            - Undefined Weak Reference
    _mutex_release                            - Undefined Weak Reference
    _printf_post_padding                      - Undefined Weak Reference
    _printf_pre_padding                       - Undefined Weak Reference
    _printf_truncate_signed                   - Undefined Weak Reference
    _printf_truncate_unsigned                 - Undefined Weak Reference
    _rand_init                                - Undefined Weak Reference
    _signal_finish                            - Undefined Weak Reference
    _signal_init                              - Undefined Weak Reference
    _terminate_alloc                          - Undefined Weak Reference
    _terminate_user_alloc                     - Undefined Weak Reference
    _terminateio                              - Undefined Weak Reference
    __Vectors_End                            0x00000400   Data           0  startup_mk60d10.o(RESET)
    __Vectors_Size                           0x00000400   Number         0  startup_mk60d10.o ABSOLUTE
    __main                                   0x00000411   Thumb Code     8  __main.o(!!!main)
    __scatterload                            0x00000419   Thumb Code     0  __scatter.o(!!!scatter)
    __scatterload_rt2                        0x00000419   Thumb Code    44  __scatter.o(!!!scatter)
    __scatterload_rt2_thumb_only             0x00000419   Thumb Code     0  __scatter.o(!!!scatter)
    __scatterload_null                       0x00000427   Thumb Code     0  __scatter.o(!!!scatter)
    __scatterload_copy                       0x0000044d   Thumb Code    26  __scatter_copy.o(!!handler_copy)
    __scatterload_zeroinit                   0x00000469   Thumb Code    28  __scatter_zi.o(!!handler_zi)
    _printf_d                                0x00000485   Thumb Code     0  _printf_d.o(.ARM.Collect$$_printf_percent$$00000009)
    _printf_percent                          0x00000485   Thumb Code     0  _printf_percent.o(.ARM.Collect$$_printf_percent$$00000000)
    _printf_percent_end                      0x0000048b   Thumb Code     0  _printf_percent_end.o(.ARM.Collect$$_printf_percent$$00000017)
    __rt_lib_init                            0x0000048f   Thumb Code     0  libinit.o(.ARM.Collect$$libinit$$00000000)
    __rt_lib_init_alloca_1                   0x00000491   Thumb Code     0  libinit2.o(.ARM.Collect$$libinit$$0000002E)
    __rt_lib_init_argv_1                     0x00000491   Thumb Code     0  libinit2.o(.ARM.Collect$$libinit$$0000002C)
    __rt_lib_init_atexit_1                   0x00000491   Thumb Code     0  libinit2.o(.ARM.Collect$$libinit$$0000001B)
    __rt_lib_init_clock_1                    0x00000491   Thumb Code     0  libinit2.o(.ARM.Collect$$libinit$$00000021)
    __rt_lib_init_cpp_1                      0x00000491   Thumb Code     0  libinit2.o(.ARM.Collect$$libinit$$00000032)
    __rt_lib_init_exceptions_1               0x00000491   Thumb Code     0  libinit2.o(.ARM.Collect$$libinit$$00000030)
    __rt_lib_init_fp_1                       0x00000491   Thumb Code     0  libinit2.o(.ARM.Collect$$libinit$$00000002)
    __rt_lib_init_fp_trap_1                  0x00000491   Thumb Code     0  libinit2.o(.ARM.Collect$$libinit$$0000001F)
    __rt_lib_init_getenv_1                   0x00000491   Thumb Code     0  libinit2.o(.ARM.Collect$$libinit$$00000023)
    __rt_lib_init_heap_1                     0x00000491   Thumb Code     0  libinit2.o(.ARM.Collect$$libinit$$0000000A)
    __rt_lib_init_lc_collate_1               0x00000491   Thumb Code     0  libinit2.o(.ARM.Collect$$libinit$$00000011)
    __rt_lib_init_lc_ctype_1                 0x00000491   Thumb Code     0  libinit2.o(.ARM.Collect$$libinit$$00000013)
    __rt_lib_init_lc_monetary_1              0x00000491   Thumb Code     0  libinit2.o(.ARM.Collect$$libinit$$00000015)
    __rt_lib_init_lc_numeric_1               0x00000491   Thumb Code     0  libinit2.o(.ARM.Collect$$libinit$$00000017)
    __rt_lib_init_lc_time_1                  0x00000491   Thumb Code     0  libinit2.o(.ARM.Collect$$libinit$$00000019)
    __rt_lib_init_preinit_1                  0x00000491   Thumb Code     0  libinit2.o(.ARM.Collect$$libinit$$00000004)
    __rt_lib_init_rand_1                     0x00000491   Thumb Code     0  libinit2.o(.ARM.Collect$$libinit$$0000000E)
    __rt_lib_init_return                     0x00000491   Thumb Code     0  libinit2.o(.ARM.Collect$$libinit$$00000033)
    __rt_lib_init_signal_1                   0x00000491   Thumb Code     0  libinit2.o(.ARM.Collect$$libinit$$0000001D)
    __rt_lib_init_stdio_1                    0x00000491   Thumb Code     0  libinit2.o(.ARM.Collect$$libinit$$00000025)
    __rt_lib_init_user_alloc_1               0x00000491   Thumb Code     0  libinit2.o(.ARM.Collect$$libinit$$0000000C)
    __rt_lib_shutdown                        0x00000493   Thumb Code     0  libshutdown.o(.ARM.Collect$$libshutdown$$00000000)
    __rt_lib_shutdown_cpp_1                  0x00000495   Thumb Code     0  libshutdown2.o(.ARM.Collect$$libshutdown$$00000002)
    __rt_lib_shutdown_fp_trap_1              0x00000495   Thumb Code     0  libshutdown2.o(.ARM.Collect$$libshutdown$$00000007)
    __rt_lib_shutdown_heap_1                 0x00000495   Thumb Code     0  libshutdown2.o(.ARM.Collect$$libshutdown$$0000000F)
    __rt_lib_shutdown_return                 0x00000495   Thumb Code     0  libshutdown2.o(.ARM.Collect$$libshutdown$$00000010)
    __rt_lib_shutdown_signal_1               0x00000495   Thumb Code     0  libshutdown2.o(.ARM.Collect$$libshutdown$$0000000A)
    __rt_lib_shutdown_stdio_1                0x00000495   Thumb Code     0  libshutdown2.o(.ARM.Collect$$libshutdown$$00000004)
    __rt_lib_shutdown_user_alloc_1           0x00000495   Thumb Code     0  libshutdown2.o(.ARM.Collect$$libshutdown$$0000000C)
    __rt_entry                               0x00000497   Thumb Code     0  __rtentry.o(.ARM.Collect$$rtentry$$00000000)
    __rt_entry_presh_1                       0x00000497   Thumb Code     0  __rtentry2.o(.ARM.Collect$$rtentry$$00000002)
    __rt_entry_sh                            0x00000497   Thumb Code     0  __rtentry4.o(.ARM.Collect$$rtentry$$00000004)
    __rt_entry_li                            0x0000049d   Thumb Code     0  __rtentry2.o(.ARM.Collect$$rtentry$$0000000A)
    __rt_entry_postsh_1                      0x0000049d   Thumb Code     0  __rtentry2.o(.ARM.Collect$$rtentry$$00000009)
    __rt_entry_main                          0x000004a1   Thumb Code     0  __rtentry2.o(.ARM.Collect$$rtentry$$0000000D)
    __rt_entry_postli_1                      0x000004a1   Thumb Code     0  __rtentry2.o(.ARM.Collect$$rtentry$$0000000C)
    __rt_exit                                0x000004a9   Thumb Code     0  rtexit.o(.ARM.Collect$$rtexit$$00000000)
    __rt_exit_ls                             0x000004ab   Thumb Code     0  rtexit2.o(.ARM.Collect$$rtexit$$00000003)
    __rt_exit_prels_1                        0x000004ab   Thumb Code     0  rtexit2.o(.ARM.Collect$$rtexit$$00000002)
    __rt_exit_exit                           0x000004af   Thumb Code     0  rtexit2.o(.ARM.Collect$$rtexit$$00000004)
    __asm___6_enet_c_7a926d92____REVSH       0x000004b5   Thumb Code     4  enet.o(.revsh_text)
    SystemInit                               0x000004b9   Thumb Code    92  system_mk60d10.o(.text)
    SystemCoreClockUpdate                    0x00000515   Thumb Code   324  system_mk60d10.o(.text)
    Reset_Handler                            0x00000675   Thumb Code     8  startup_mk60d10.o(.text)
    HardFault_Handler                        0x0000067f   Thumb Code     2  startup_mk60d10.o(.text)
    MemManage_Handler                        0x00000681   Thumb Code     2  startup_mk60d10.o(.text)
    BusFault_Handler                         0x00000683   Thumb Code     2  startup_mk60d10.o(.text)
    UsageFault_Handler                       0x00000685   Thumb Code     2  startup_mk60d10.o(.text)
    SVC_Handler                              0x00000687   Thumb Code     2  startup_mk60d10.o(.text)
    DebugMon_Handler                         0x00000689   Thumb Code     2  startup_mk60d10.o(.text)
    PendSV_Handler                           0x0000068b   Thumb Code     2  startup_mk60d10.o(.text)
    SysTick_Handler                          0x0000068d   Thumb Code     2  startup_mk60d10.o(.text)
    CAN0_Bus_Off_IRQHandler                  0x0000068f   Thumb Code     0  startup_mk60d10.o(.text)
    CAN0_Error_IRQHandler                    0x0000068f   Thumb Code     0  startup_mk60d10.o(.text)
    CAN0_Rx_Warning_IRQHandler               0x0000068f   Thumb Code     0  startup_mk60d10.o(.text)
    CAN0_Tx_Warning_IRQHandler               0x0000068f   Thumb Code     0  startup_mk60d10.o(.text)
    CAN0_Wake_Up_IRQHandler                  0x0000068f   Thumb Code     0  startup_mk60d10.o(.text)
    CAN1_Bus_Off_IRQHandler                  0x0000068f   Thumb Code     0  startup_mk60d10.o(.text)
    CAN1_Error_IRQHandler                    0x0000068f   Thumb Code     0  startup_mk60d10.o(.text)
    CAN1_Rx_Warning_IRQHandler               0x0000068f   Thumb Code     0  startup_mk60d10.o(.text)
    CAN1_Tx_Warning_IRQHandler               0x0000068f   Thumb Code     0  startup_mk60d10.o(.text)
    CAN1_Wake_Up_IRQHandler                  0x0000068f   Thumb Code     0  startup_mk60d10.o(.text)
    CMP0_IRQHandler                          0x0000068f   Thumb Code     0  startup_mk60d10.o(.text)
    CMP1_IRQHandler                          0x0000068f   Thumb Code     0  startup_mk60d10.o(.text)
    CMP2_IRQHandler                          0x0000068f   Thumb Code     0  startup_mk60d10.o(.text)
    CMT_IRQHandler                           0x0000068f   Thumb Code     0  startup_mk60d10.o(.text)
    DMA_Error_IRQHandler                     0x0000068f   Thumb Code     0  startup_mk60d10.o(.text)
    DefaultISR                               0x0000068f   Thumb Code     0  startup_mk60d10.o(.text)
    ENET_1588_Timer_IRQHandler               0x0000068f   Thumb Code     0  startup_mk60d10.o(.text)
    ENET_Error_IRQHandler                    0x0000068f   Thumb Code     0  startup_mk60d10.o(.text)
    FTFL_IRQHandler                          0x0000068f   Thumb Code     0  startup_mk60d10.o(.text)
    I2C0_IRQHandler                          0x0000068f   Thumb Code     0  startup_mk60d10.o(.text)
    I2C1_IRQHandler                          0x0000068f   Thumb Code     0  startup_mk60d10.o(.text)
    I2S0_Rx_IRQHandler                       0x0000068f   Thumb Code     0  startup_mk60d10.o(.text)
    I2S0_Tx_IRQHandler                       0x0000068f   Thumb Code     0  startup_mk60d10.o(.text)
    LLW_IRQHandler                           0x0000068f   Thumb Code     0  startup_mk60d10.o(.text)
    LVD_LVW_IRQHandler                       0x0000068f   Thumb Code     0  startup_mk60d10.o(.text)
    MCG_IRQHandler                           0x0000068f   Thumb Code     0  startup_mk60d10.o(.text)
    MCM_IRQHandler                           0x0000068f   Thumb Code     0  startup_mk60d10.o(.text)
    RNG_IRQHandler                           0x0000068f   Thumb Code     0  startup_mk60d10.o(.text)
    RTC_Seconds_IRQHandler                   0x0000068f   Thumb Code     0  startup_mk60d10.o(.text)
    Read_Collision_IRQHandler                0x0000068f   Thumb Code     0  startup_mk60d10.o(.text)
    Reserved102_IRQHandler                   0x0000068f   Thumb Code     0  startup_mk60d10.o(.text)
    Reserved108_IRQHandler                   0x0000068f   Thumb Code     0  startup_mk60d10.o(.text)
    Reserved109_IRQHandler                   0x0000068f   Thumb Code     0  startup_mk60d10.o(.text)
    Reserved111_IRQHandler                   0x0000068f   Thumb Code     0  startup_mk60d10.o(.text)
    Reserved112_IRQHandler                   0x0000068f   Thumb Code     0  startup_mk60d10.o(.text)
    Reserved113_IRQHandler                   0x0000068f   Thumb Code     0  startup_mk60d10.o(.text)
    Reserved114_IRQHandler                   0x0000068f   Thumb Code     0  startup_mk60d10.o(.text)
    Reserved115_IRQHandler                   0x0000068f   Thumb Code     0  startup_mk60d10.o(.text)
    Reserved116_IRQHandler                   0x0000068f   Thumb Code     0  startup_mk60d10.o(.text)
    Reserved117_IRQHandler                   0x0000068f   Thumb Code     0  startup_mk60d10.o(.text)
    Reserved118_IRQHandler                   0x0000068f   Thumb Code     0  startup_mk60d10.o(.text)
    Reserved119_IRQHandler                   0x0000068f   Thumb Code     0  startup_mk60d10.o(.text)
    Reserved59_IRQHandler                    0x0000068f   Thumb Code     0  startup_mk60d10.o(.text)
    Reserved95_IRQHandler                    0x0000068f   Thumb Code     0  startup_mk60d10.o(.text)
    SDHC_IRQHandler                          0x0000068f   Thumb Code     0  startup_mk60d10.o(.text)
    SWI_IRQHandler                           0x0000068f   Thumb Code     0  startup_mk60d10.o(.text)
    UART0_ERR_IRQHandler                     0x0000068f   Thumb Code     0  startup_mk60d10.o(.text)
    UART0_LON_IRQHandler                     0x0000068f   Thumb Code     0  startup_mk60d10.o(.text)
    UART1_ERR_IRQHandler                     0x0000068f   Thumb Code     0  startup_mk60d10.o(.text)
    UART2_ERR_IRQHandler                     0x0000068f   Thumb Code     0  startup_mk60d10.o(.text)
    UART3_ERR_IRQHandler                     0x0000068f   Thumb Code     0  startup_mk60d10.o(.text)
    UART4_ERR_IRQHandler                     0x0000068f   Thumb Code     0  startup_mk60d10.o(.text)
    UART5_ERR_IRQHandler                     0x0000068f   Thumb Code     0  startup_mk60d10.o(.text)
    USB0_IRQHandler                          0x0000068f   Thumb Code     0  startup_mk60d10.o(.text)
    USBDCD_IRQHandler                        0x0000068f   Thumb Code     0  startup_mk60d10.o(.text)
    __user_initial_stackheap                 0x00000691   Thumb Code     0  startup_mk60d10.o(.text)
    main                                     0x000006b5   Thumb Code   578  main.o(.text)
    Get_Adc0                                 0x000008f7   Thumb Code    28  main.o(.text)
    Get_Adc1                                 0x00000913   Thumb Code    28  main.o(.text)
    Get_Adc0_Average                         0x0000092f   Thumb Code    44  main.o(.text)
    Get_Adc1_Average                         0x0000095b   Thumb Code    44  main.o(.text)
    PORT_PinMuxConfig                        0x00000a0d   Thumb Code    74  gpio.o(.text)
    PORT_PinPullConfig                       0x00000a57   Thumb Code   162  gpio.o(.text)
    PORT_PinOpenDrainConfig                  0x00000af9   Thumb Code    72  gpio.o(.text)
    PORT_PinPassiveFilterConfig              0x00000b41   Thumb Code    72  gpio.o(.text)
    GPIO_PinConfig                           0x00000b89   Thumb Code    70  gpio.o(.text)
    GPIO_Init                                0x00000bcf   Thumb Code   196  gpio.o(.text)
    GPIO_QuickInit                           0x00000c93   Thumb Code    30  gpio.o(.text)
    GPIO_WriteBit                            0x00000cb1   Thumb Code    68  gpio.o(.text)
    GPIO_SetBit                              0x00000cf5   Thumb Code    24  gpio.o(.text)
    GPIO_ResetBit                            0x00000d0d   Thumb Code    24  gpio.o(.text)
    GPIO_ReadBit                             0x00000d25   Thumb Code    50  gpio.o(.text)
    GPIO_ToggleBit                           0x00000d57   Thumb Code    24  gpio.o(.text)
    GPIO_ReadPort                            0x00000d6f   Thumb Code    12  gpio.o(.text)
    GPIO_WritePort                           0x00000d7b   Thumb Code    10  gpio.o(.text)
    GPIO_ITDMAConfig                         0x00000d85   Thumb Code   380  gpio.o(.text)
    GPIO_CallbackInstall                     0x00000f01   Thumb Code    26  gpio.o(.text)
    PORTA_IRQHandler                         0x00000f4b   Thumb Code    10  gpio.o(.text)
    PORTB_IRQHandler                         0x00000f55   Thumb Code    10  gpio.o(.text)
    PORTC_IRQHandler                         0x00000f5f   Thumb Code    10  gpio.o(.text)
    PORTD_IRQHandler                         0x00000f69   Thumb Code    10  gpio.o(.text)
    PORTE_IRQHandler                         0x00000f73   Thumb Code    10  gpio.o(.text)
    UART_GetTxFIFOSize                       0x00000fa9   Thumb Code    22  uart.o(.text)
    UART_WriteByte                           0x00000fbf   Thumb Code   118  uart.o(.text)
    fputc                                    0x00001035   Thumb Code    20  uart.o(.text)
    UART_ReadByte                            0x00001049   Thumb Code    56  uart.o(.text)
    fgetc                                    0x00001081   Thumb Code    28  uart.o(.text)
    UART_printf                              0x000010e7   Thumb Code   110  uart.o(.text)
    UART_Init                                0x00001155   Thumb Code   742  uart.o(.text)
    UART_DeInit                              0x0000143b   Thumb Code    76  uart.o(.text)
    UART_SelectDebugInstance                 0x00001487   Thumb Code     6  uart.o(.text)
    UART_EnableTxFIFO                        0x0000148d   Thumb Code    46  uart.o(.text)
    UART_EnableRxFIFO                        0x000014bb   Thumb Code    46  uart.o(.text)
    UART_GetRxFIFOSize                       0x000014e9   Thumb Code    22  uart.o(.text)
    UART_SetTxFIFOWatermark                  0x000014ff   Thumb Code    50  uart.o(.text)
    UART_SetRxFIFOWatermark                  0x00001531   Thumb Code    50  uart.o(.text)
    UART_ITDMAConfig                         0x00001563   Thumb Code   408  uart.o(.text)
    UART_CallbackTxInstall                   0x000016fb   Thumb Code    48  uart.o(.text)
    UART_CallbackRxInstall                   0x0000172b   Thumb Code    48  uart.o(.text)
    UART_QuickInit                           0x0000175b   Thumb Code   146  uart.o(.text)
    UART0_RX_TX_IRQHandler                   0x000018ab   Thumb Code    10  uart.o(.text)
    UART1_RX_TX_IRQHandler                   0x000018b5   Thumb Code    10  uart.o(.text)
    UART2_RX_TX_IRQHandler                   0x000018bf   Thumb Code    10  uart.o(.text)
    UART3_RX_TX_IRQHandler                   0x000018c9   Thumb Code    10  uart.o(.text)
    UART4_RX_TX_IRQHandler                   0x000018d3   Thumb Code    10  uart.o(.text)
    UART5_RX_TX_IRQHandler                   0x000018dd   Thumb Code    10  uart.o(.text)
    WDOG_Init                                0x0000191d   Thumb Code   112  wdog.o(.text)
    WDOG_QuickInit                           0x0000198d   Thumb Code    24  wdog.o(.text)
    WDOG_ITDMAConfig                         0x000019a5   Thumb Code    84  wdog.o(.text)
    WDOG_CallbackInstall                     0x000019f9   Thumb Code     8  wdog.o(.text)
    WDOG_GetResetCounter                     0x00001a01   Thumb Code     6  wdog.o(.text)
    WDOG_ClearResetCounter                   0x00001a07   Thumb Code    10  wdog.o(.text)
    WDOG_GetCurrentCounter                   0x00001a11   Thumb Code    14  wdog.o(.text)
    WDOG_Refresh                             0x00001a1f   Thumb Code    32  wdog.o(.text)
    Watchdog_IRQHandler                      0x00001a3f   Thumb Code    28  wdog.o(.text)
    PIT_Init                                 0x00001a69   Thumb Code    94  pit.o(.text)
    PIT_QuickInit                            0x00001ac7   Thumb Code    20  pit.o(.text)
    PIT_ITDMAConfig                          0x00001adb   Thumb Code   114  pit.o(.text)
    PIT_ResetCounter                         0x00001b4d   Thumb Code    42  pit.o(.text)
    PIT_GetCounterValue                      0x00001b77   Thumb Code    12  pit.o(.text)
    PIT_CallbackInstall                      0x00001b83   Thumb Code    22  pit.o(.text)
    PIT0_IRQHandler                          0x00001bc3   Thumb Code    10  pit.o(.text)
    PIT1_IRQHandler                          0x00001bcd   Thumb Code    10  pit.o(.text)
    PIT2_IRQHandler                          0x00001bd7   Thumb Code    10  pit.o(.text)
    PIT3_IRQHandler                          0x00001be1   Thumb Code    10  pit.o(.text)
    ADC_IsConversionCompleted                0x00001c09   Thumb Code    26  adc.o(.text)
    ADC_Calibration                          0x00001c23   Thumb Code   254  adc.o(.text)
    ADC_Init                                 0x00001d21   Thumb Code   662  adc.o(.text)
    ADC_EnableHardwareTrigger                0x00001fb7   Thumb Code    58  adc.o(.text)
    ADC_ChlMuxConfig                         0x00001ff1   Thumb Code    48  adc.o(.text)
    ADC_QuickInit                            0x00002021   Thumb Code   146  adc.o(.text)
    ADC_StartConversion                      0x000020b3   Thumb Code    54  adc.o(.text)
    ADC_ReadValue                            0x000020e9   Thumb Code    16  adc.o(.text)
    ADC_QuickReadValue                       0x000020f9   Thumb Code    54  adc.o(.text)
    ADC_ITDMAConfig                          0x0000212f   Thumb Code   170  adc.o(.text)
    ADC_CallbackInstall                      0x000021d9   Thumb Code    10  adc.o(.text)
    ADC0_IRQHandler                          0x000021e3   Thumb Code    16  adc.o(.text)
    ADC1_IRQHandler                          0x000021f3   Thumb Code    16  adc.o(.text)
    FTM_PWM_InvertPolarity                   0x0000235f   Thumb Code   132  ftm.o(.text)
    FTM_QD_QuickInit                         0x00002857   Thumb Code   376  ftm.o(.text)
    FTM_QD_GetData                           0x000029cf   Thumb Code    30  ftm.o(.text)
    FTM_QD_ClearCount                        0x000029ed   Thumb Code    12  ftm.o(.text)
    FTM_PWM_ChangeDuty                       0x000029f9   Thumb Code   156  ftm.o(.text)
    FTM_PWM_QuickInit                        0x00002a95   Thumb Code   452  ftm.o(.text)
    FTM_IC_QuickInit                         0x00002c59   Thumb Code   204  ftm.o(.text)
    FTM_IC_SetTriggerMode                    0x00002d25   Thumb Code   194  ftm.o(.text)
    FTM_GetChlCounter                        0x00002de7   Thumb Code    18  ftm.o(.text)
    FTM_SetMoudleCounter                     0x00002df9   Thumb Code    10  ftm.o(.text)
    FTM_CallbackInstall                      0x00002e03   Thumb Code    18  ftm.o(.text)
    FTM_ITDMAConfig                          0x00002e15   Thumb Code   358  ftm.o(.text)
    FTM_IsChnInterupt                        0x00002f7b   Thumb Code    20  ftm.o(.text)
    FTM_IRQHandler                           0x00002f8f   Thumb Code   118  ftm.o(.text)
    FTM0_IRQHandler                          0x00003005   Thumb Code    10  ftm.o(.text)
    FTM1_IRQHandler                          0x0000300f   Thumb Code    10  ftm.o(.text)
    FTM2_IRQHandler                          0x00003019   Thumb Code    10  ftm.o(.text)
    SPI_CTARConfig                           0x00003117   Thumb Code   346  spi.o(.text)
    SPI_Init                                 0x00003271   Thumb Code   148  spi.o(.text)
    SPI_QuickInit                            0x00003305   Thumb Code    98  spi.o(.text)
    SPI_EnableTxFIFO                         0x00003367   Thumb Code    66  spi.o(.text)
    SPI_EnableRxFIFO                         0x000033a9   Thumb Code    66  spi.o(.text)
    SPI_ITDMAConfig                          0x000033eb   Thumb Code   196  spi.o(.text)
    SPI_CallbackInstall                      0x000034af   Thumb Code    10  spi.o(.text)
    SPI_ReadWriteByte                        0x000034b9   Thumb Code   114  spi.o(.text)
    SPI0_IRQHandler                          0x00003555   Thumb Code    10  spi.o(.text)
    SPI1_IRQHandler                          0x0000355f   Thumb Code    10  spi.o(.text)
    SPI2_IRQHandler                          0x00003569   Thumb Code    10  spi.o(.text)
    LPTMR_TC_Init                            0x0000357d   Thumb Code    78  lptmr.o(.text)
    LPTMR_PC_Init                            0x000035cb   Thumb Code   178  lptmr.o(.text)
    LPTMR_ITDMAConfig                        0x0000367d   Thumb Code    92  lptmr.o(.text)
    LPTMR_CallbackInstall                    0x000036d9   Thumb Code    26  lptmr.o(.text)
    LPTMR_PC_ReadCounter                     0x000036f3   Thumb Code    18  lptmr.o(.text)
    LPTMR_PC_QuickInit                       0x00003705   Thumb Code   110  lptmr.o(.text)
    LPTMR_ClearCounter                       0x00003773   Thumb Code    24  lptmr.o(.text)
    LPTimer_IRQHandler                       0x0000378b   Thumb Code    28  lptmr.o(.text)
    DMA_Init                                 0x000037b9   Thumb Code   372  dma.o(.text)
    DMA_ChlAlloc                             0x0000392d   Thumb Code    46  dma.o(.text)
    DMA_ChlFree                              0x0000395b   Thumb Code    16  dma.o(.text)
    DMA_GetMajorLoopCount                    0x0000396b   Thumb Code    16  dma.o(.text)
    DMA_SetMajorLoopCounter                  0x0000397b   Thumb Code    44  dma.o(.text)
    DMA_EnableRequest                        0x000039a7   Thumb Code    10  dma.o(.text)
    DMA_DisableRequest                       0x000039b1   Thumb Code    10  dma.o(.text)
    DMA_EnableAutoDisableRequest             0x000039bb   Thumb Code    46  dma.o(.text)
    DMA_EnableMajorLink                      0x000039e9   Thumb Code    94  dma.o(.text)
    DMA_ITConfig                             0x00003a47   Thumb Code   140  dma.o(.text)
    DMA_CallbackInstall                      0x00003ad3   Thumb Code    10  dma.o(.text)
    DMA_IsMajorLoopComplete                  0x00003add   Thumb Code    56  dma.o(.text)
    DMA_SetDestAddress                       0x00003b15   Thumb Code    10  dma.o(.text)
    DMA_GetDestAddress                       0x00003b1f   Thumb Code    12  dma.o(.text)
    DMA_SetSourceAddress                     0x00003b2b   Thumb Code    10  dma.o(.text)
    DMA_GetSourceAddress                     0x00003b35   Thumb Code    12  dma.o(.text)
    DMA_CancelTransfer                       0x00003b41   Thumb Code    14  dma.o(.text)
    DMA0_IRQHandler                          0x00003b6d   Thumb Code    10  dma.o(.text)
    DMA1_IRQHandler                          0x00003b77   Thumb Code    10  dma.o(.text)
    DMA2_IRQHandler                          0x00003b81   Thumb Code    10  dma.o(.text)
    DMA3_IRQHandler                          0x00003b8b   Thumb Code    10  dma.o(.text)
    DMA4_IRQHandler                          0x00003b95   Thumb Code    40  dma.o(.text)
    DMA5_IRQHandler                          0x00003bbd   Thumb Code    10  dma.o(.text)
    DMA6_IRQHandler                          0x00003bc7   Thumb Code    10  dma.o(.text)
    DMA7_IRQHandler                          0x00003bd1   Thumb Code    10  dma.o(.text)
    DMA8_IRQHandler                          0x00003bdb   Thumb Code    10  dma.o(.text)
    DMA9_IRQHandler                          0x00003be5   Thumb Code    10  dma.o(.text)
    DMA10_IRQHandler                         0x00003bef   Thumb Code    10  dma.o(.text)
    DMA11_IRQHandler                         0x00003bf9   Thumb Code    10  dma.o(.text)
    DMA12_IRQHandler                         0x00003c03   Thumb Code    10  dma.o(.text)
    DMA13_IRQHandler                         0x00003c0d   Thumb Code    10  dma.o(.text)
    DMA14_IRQHandler                         0x00003c17   Thumb Code    10  dma.o(.text)
    DMA15_IRQHandler                         0x00003c21   Thumb Code    10  dma.o(.text)
    RTC_GetWeek                              0x00003c2d   Thumb Code   108  rtc.o(.text)
    RTC_GetTime                              0x00003da7   Thumb Code    26  rtc.o(.text)
    RTC_IsTimeValid                          0x00003dc1   Thumb Code    14  rtc.o(.text)
    RTC_SetAlarm                             0x00003dcf   Thumb Code    28  rtc.o(.text)
    RTC_SetCompensation                      0x00003deb   Thumb Code    54  rtc.o(.text)
    RTC_Init                                 0x00003e21   Thumb Code   162  rtc.o(.text)
    RTC_QuickInit                            0x00003ec3   Thumb Code    14  rtc.o(.text)
    RTC_GetTSR                               0x00003ed1   Thumb Code     6  rtc.o(.text)
    RTC_GetTAR                               0x00003ed7   Thumb Code     6  rtc.o(.text)
    RTC_SetTime                              0x00003edd   Thumb Code    46  rtc.o(.text)
    RTC_SetTSR                               0x00003f0b   Thumb Code    26  rtc.o(.text)
    RTC_ITDMAConfig                          0x00003f25   Thumb Code   128  rtc.o(.text)
    RTC_CallbackInstall                      0x00003fa5   Thumb Code     8  rtc.o(.text)
    RTC_IRQHandler                           0x00003fad   Thumb Code    72  rtc.o(.text)
    ENET_MII_Init                            0x0000419d   Thumb Code    68  enet.o(.text)
    ENET_MII_Write                           0x000041e1   Thumb Code   110  enet.o(.text)
    ENET_MII_Read                            0x0000424f   Thumb Code   114  enet.o(.text)
    ENET_Init                                0x000042c1   Thumb Code   316  enet.o(.text)
    ENET_MacSendData                         0x000043fd   Thumb Code   150  enet.o(.text)
    ENET_GetReceiveLen                       0x00004493   Thumb Code    30  enet.o(.text)
    ENET_MacReceiveData                      0x000044b1   Thumb Code    78  enet.o(.text)
    ENET_ITDMAConfig                         0x000044ff   Thumb Code    86  enet.o(.text)
    ENET_CallbackTxInstall                   0x00004555   Thumb Code     8  enet.o(.text)
    ENET_CallbackRxInstall                   0x0000455d   Thumb Code     8  enet.o(.text)
    ENET_IsTxTransferComplete                0x00004565   Thumb Code    30  enet.o(.text)
    ENET_Transmit_IRQHandler                 0x00004583   Thumb Code    28  enet.o(.text)
    ENET_Receive_IRQHandler                  0x0000459f   Thumb Code    28  enet.o(.text)
    TSI_GetCounter                           0x000045e5   Thumb Code    12  tsi.o(.text)
    TSI_Init                                 0x00004647   Thumb Code   234  tsi.o(.text)
    TSI_QuickInit                            0x00004731   Thumb Code   102  tsi.o(.text)
    TSI_ITDMAConfig                          0x00004797   Thumb Code    96  tsi.o(.text)
    TSI_CallbackInstall                      0x000047f7   Thumb Code     8  tsi.o(.text)
    TSI0_IRQHandler                          0x000047ff   Thumb Code    38  tsi.o(.text)
    GetClock                                 0x00004851   Thumb Code   104  common.o(.text)
    EnterSTOPMode                            0x000048b9   Thumb Code    54  common.o(.text)
    QuickInitEncode                          0x000048ef   Thumb Code     6  common.o(.text)
    GetUID                                   0x000048f5   Thumb Code    16  common.o(.text)
    QuickInitDecode                          0x00004905   Thumb Code    10  common.o(.text)
    DWT_DelayInit                            0x0000490f   Thumb Code    30  common.o(.text)
    DWT_DelayUs                              0x0000492d   Thumb Code    62  common.o(.text)
    DWT_DelayMs                              0x0000496b   Thumb Code    18  common.o(.text)
    DelayInit                                0x0000497d   Thumb Code     8  common.o(.text)
    DelayMs                                  0x00004985   Thumb Code    12  common.o(.text)
    DelayUs                                  0x00004991   Thumb Code    12  common.o(.text)
    NMI_isr                                  0x0000499d   Thumb Code     2  common.o(.text)
    NMI_Handler                              0x0000499f   Thumb Code     8  common.o(.text)
    CAN_SetRxFilterMask                      0x00004aff   Thumb Code   126  can.o(.text)
    CAN_SetRxMB                              0x00004b7d   Thumb Code    84  can.o(.text)
    CAN_Init                                 0x00004bd1   Thumb Code   244  can.o(.text)
    CAN_QuickInit                            0x00004cc5   Thumb Code    74  can.o(.text)
    CAN_WriteData                            0x00004d37   Thumb Code   256  can.o(.text)
    CAN_WriteRemote                          0x00004e37   Thumb Code   194  can.o(.text)
    CAN_CallbackInstall                      0x00004ef9   Thumb Code    10  can.o(.text)
    CAN_ITDMAConfig                          0x00004f03   Thumb Code   142  can.o(.text)
    CAN_ReadData                             0x00004f91   Thumb Code   228  can.o(.text)
    CAN_ReadFIFO                             0x00005075   Thumb Code   132  can.o(.text)
    CAN_IsRxFIFOEnable                       0x000050f9   Thumb Code    16  can.o(.text)
    CAN_SetRxFIFO                            0x00005109   Thumb Code    82  can.o(.text)
    CAN_IRQHandler                           0x0000515b   Thumb Code    22  can.o(.text)
    CAN0_ORed_Message_buffer_IRQHandler      0x00005171   Thumb Code    10  can.o(.text)
    CAN1_ORed_Message_buffer_IRQHandler      0x0000517b   Thumb Code    10  can.o(.text)
    DAC_Init                                 0x000051a9   Thumb Code   576  dac.o(.text)
    DAC_GetBufferReadPointer                 0x000053e9   Thumb Code    16  dac.o(.text)
    DAC_SetBufferReadPointer                 0x000053f9   Thumb Code    54  dac.o(.text)
    DAC_SetBufferUpperLimit                  0x0000542f   Thumb Code    52  dac.o(.text)
    DAC_ITDMAConfig                          0x00005463   Thumb Code   354  dac.o(.text)
    DAC_SoftwareStartConversion              0x000055c5   Thumb Code    26  dac.o(.text)
    DAC_SetWaterMark                         0x000055df   Thumb Code   146  dac.o(.text)
    DAC_SetBufferValue                       0x00005671   Thumb Code    50  dac.o(.text)
    DAC_CallbackInstall                      0x000056a3   Thumb Code    10  dac.o(.text)
    DAC0_IRQHandler                          0x00005727   Thumb Code    10  dac.o(.text)
    DAC1_IRQHandler                          0x00005731   Thumb Code    10  dac.o(.text)
    PDB_SoftwareTrigger                      0x00005759   Thumb Code    14  pdb.o(.text)
    PDB_GetMODValue                          0x00005823   Thumb Code     6  pdb.o(.text)
    PDB_Init                                 0x00005829   Thumb Code   102  pdb.o(.text)
    PDB_QuickInit                            0x0000588f   Thumb Code    38  pdb.o(.text)
    PDB_SetADCPreTrigger                     0x000058b5   Thumb Code   154  pdb.o(.text)
    PDB_SetBackToBackMode                    0x0000594f   Thumb Code    86  pdb.o(.text)
    PDB_ITDMAConfig                          0x000059a5   Thumb Code   140  pdb.o(.text)
    PDB_CallbackInstall                      0x00005a31   Thumb Code    20  pdb.o(.text)
    PDB0_IRQHandler                          0x00005a45   Thumb Code    28  pdb.o(.text)
    OLED_WR_Byte                             0x00005a79   Thumb Code    68  myoled.o(.text)
    OLED_Refresh_Gram                        0x00005abd   Thumb Code    70  myoled.o(.text)
    OLED_Display_On                          0x00005b03   Thumb Code    28  myoled.o(.text)
    OLED_Display_Off                         0x00005b1f   Thumb Code    28  myoled.o(.text)
    OLED_Clear                               0x00005b3b   Thumb Code    42  myoled.o(.text)
    OLED_DrawPoint                           0x00005b65   Thumb Code   100  myoled.o(.text)
    OLED_Fill                                0x00005bc9   Thumb Code    58  myoled.o(.text)
    OLED_ShowChar                            0x00005c03   Thumb Code   254  myoled.o(.text)
    mypow                                    0x00005d01   Thumb Code    22  myoled.o(.text)
    OLED_ShowNum                             0x00005d17   Thumb Code   148  myoled.o(.text)
    OLED_ShowString                          0x00005dab   Thumb Code    94  myoled.o(.text)
    OLED_Init                                0x00005e09   Thumb Code   308  myoled.o(.text)
    __2printf                                0x00005f3d   Thumb Code    20  noretval__2printf.o(.text)
    __printf                                 0x00005f55   Thumb Code   104  __printf.o(.text)
    _printf_int_dec                          0x00005fbd   Thumb Code   104  _printf_dec.o(.text)
    __aeabi_memcpy                           0x00006035   Thumb Code     0  rt_memcpy_v6.o(.text)
    __rt_memcpy                              0x00006035   Thumb Code   138  rt_memcpy_v6.o(.text)
    _memcpy_lastbytes                        0x0000609b   Thumb Code     0  rt_memcpy_v6.o(.text)
    __use_two_region_memory                  0x000060bf   Thumb Code     2  heapauxi.o(.text)
    __rt_heap_escrow$2region                 0x000060c1   Thumb Code     2  heapauxi.o(.text)
    __rt_heap_expand$2region                 0x000060c3   Thumb Code     2  heapauxi.o(.text)
    _printf_int_common                       0x000060c5   Thumb Code   178  _printf_intcommon.o(.text)
    _printf_char_file                        0x00006179   Thumb Code    32  _printf_char_file.o(.text)
    __aeabi_memcpy4                          0x0000619d   Thumb Code     0  rt_memcpy_w.o(.text)
    __aeabi_memcpy8                          0x0000619d   Thumb Code     0  rt_memcpy_w.o(.text)
    __rt_memcpy_w                            0x0000619d   Thumb Code   100  rt_memcpy_w.o(.text)
    _memcpy_lastbytes_aligned                0x000061e5   Thumb Code     0  rt_memcpy_w.o(.text)
    _printf_char_common                      0x0000620b   Thumb Code    32  _printf_char_common.o(.text)
    ferror                                   0x00006231   Thumb Code     8  ferror.o(.text)
    __user_setup_stackheap                   0x00006239   Thumb Code    74  sys_stackheap_outer.o(.text)
    exit                                     0x00006283   Thumb Code    18  exit.o(.text)
    __user_libspace                          0x00006295   Thumb Code     8  libspace.o(.text)
    __user_perproc_libspace                  0x00006295   Thumb Code     0  libspace.o(.text)
    __user_perthread_libspace                0x00006295   Thumb Code     0  libspace.o(.text)
    _sys_exit                                0x0000629d   Thumb Code     8  sys_exit.o(.text)
    __I$use$semihosting                      0x000062a9   Thumb Code     0  use_no_semi.o(.text)
    __use_no_semihosting_swi                 0x000062a9   Thumb Code     2  use_no_semi.o(.text)
    __semihosting_library_function           0x000062ab   Thumb Code     0  indicate_semi.o(.text)
    __aeabi_d2f                              0x000062ad   Thumb Code     0  d2f.o(x$fpl$d2f)
    _d2f                                     0x000062ad   Thumb Code    98  d2f.o(x$fpl$d2f)
    __aeabi_ddiv                             0x00006311   Thumb Code     0  ddiv.o(x$fpl$ddiv)
    _ddiv                                    0x00006311   Thumb Code   552  ddiv.o(x$fpl$ddiv)
    __aeabi_dmul                             0x000065c1   Thumb Code     0  dmul.o(x$fpl$dmul)
    _dmul                                    0x000065c1   Thumb Code   332  dmul.o(x$fpl$dmul)
    __fpl_dnaninf                            0x00006715   Thumb Code   156  dnaninf.o(x$fpl$dnaninf)
    __fpl_dretinf                            0x000067b1   Thumb Code    12  dretinf.o(x$fpl$dretinf)
    __aeabi_f2d                              0x000067bd   Thumb Code     0  f2d.o(x$fpl$f2d)
    _f2d                                     0x000067bd   Thumb Code    86  f2d.o(x$fpl$f2d)
    __aeabi_fadd                             0x00006815   Thumb Code     0  faddsub_clz.o(x$fpl$fadd)
    _fadd                                    0x00006815   Thumb Code   196  faddsub_clz.o(x$fpl$fadd)
    __aeabi_f2uiz                            0x000068d9   Thumb Code     0  ffixu.o(x$fpl$ffixu)
    _ffixu                                   0x000068d9   Thumb Code    62  ffixu.o(x$fpl$ffixu)
    __aeabi_ui2f                             0x00006919   Thumb Code     0  fflt_clz.o(x$fpl$ffltu)
    _ffltu                                   0x00006919   Thumb Code    38  fflt_clz.o(x$fpl$ffltu)
    __aeabi_fmul                             0x00006941   Thumb Code     0  fmul.o(x$fpl$fmul)
    _fmul                                    0x00006941   Thumb Code   258  fmul.o(x$fpl$fmul)
    __fpl_fnaninf                            0x00006a43   Thumb Code   140  fnaninf.o(x$fpl$fnaninf)
    __fpl_fretinf                            0x00006acf   Thumb Code    10  fretinf.o(x$fpl$fretinf)
    __aeabi_frsub                            0x00006ad9   Thumb Code     0  faddsub_clz.o(x$fpl$frsb)
    _frsb                                    0x00006ad9   Thumb Code    20  faddsub_clz.o(x$fpl$frsb)
    __aeabi_fsub                             0x00006aed   Thumb Code     0  faddsub_clz.o(x$fpl$fsub)
    _fsub                                    0x00006aed   Thumb Code   234  faddsub_clz.o(x$fpl$fsub)
    __I$use$fp                               0x00006bd6   Number         0  usenofp.o(x$fpl$usenofp)
    SPI_InstanceTable                        0x00006d08   Data          12  spi.o(.constdata)
    CANBase                                  0x00006de4   Data           8  can.o(.constdata)
    asc2_1206                                0x00006e16   Data        1140  myoled.o(.constdata)
    asc2_1608                                0x0000728a   Data        1520  myoled.o(.constdata)
    asc2_2412                                0x0000787a   Data        3420  myoled.o(.constdata)
    Region$$Table$$Base                      0x000085ec   Number         0  anon$$obj.o(Region$$Table)
    Region$$Table$$Limit                     0x0000862c   Number         0  anon$$obj.o(Region$$Table)
    SystemCoreClock                          0x1fff0000   Data           4  system_mk60d10.o(.data)
    __stdout                                 0x1fff0008   Data           4  uart.o(.data)
    __stdin                                  0x1fff000c   Data           4  uart.o(.data)
    OLED_GRAM                                0x1fff07be   Data        1024  myoled.o(.bss)
    __libspace_start                         0x1fff0bc0   Data          96  libspace.o(.bss)
    __temporary_stack_top$libspace           0x1fff0c20   Data           0  libspace.o(.bss)



==============================================================================

Memory Map of the image

  Image Entry point : 0x00000411

  Load Region LR_IROM1 (Base: 0x00000000, Size: 0x000086f8, Max: 0x00080000, ABSOLUTE)

    Execution Region ER_IROM1 (Base: 0x00000000, Size: 0x0000862c, Max: 0x00080000, ABSOLUTE)

    Base Addr    Size         Type   Attr      Idx    E Section Name        Object

    0x00000000   0x00000400   Data   RO           51    RESET               startup_mk60d10.o
    0x00000400   0x00000010   Code   RO           52    .ARM.__at_0x400     startup_mk60d10.o
    0x00000410   0x00000008   Code   RO          794  * !!!main             c_w.l(__main.o)
    0x00000418   0x00000034   Code   RO         1003    !!!scatter          c_w.l(__scatter.o)
    0x0000044c   0x0000001a   Code   RO         1005    !!handler_copy      c_w.l(__scatter_copy.o)
    0x00000466   0x00000002   PAD
    0x00000468   0x0000001c   Code   RO         1007    !!handler_zi        c_w.l(__scatter_zi.o)
    0x00000484   0x00000000   Code   RO          789    .ARM.Collect$$_printf_percent$$00000000  c_w.l(_printf_percent.o)
    0x00000484   0x00000006   Code   RO          788    .ARM.Collect$$_printf_percent$$00000009  c_w.l(_printf_d.o)
    0x0000048a   0x00000004   Code   RO          829    .ARM.Collect$$_printf_percent$$00000017  c_w.l(_printf_percent_end.o)
    0x0000048e   0x00000002   Code   RO          873    .ARM.Collect$$libinit$$00000000  c_w.l(libinit.o)
    0x00000490   0x00000000   Code   RO          880    .ARM.Collect$$libinit$$00000002  c_w.l(libinit2.o)
    0x00000490   0x00000000   Code   RO          882    .ARM.Collect$$libinit$$00000004  c_w.l(libinit2.o)
    0x00000490   0x00000000   Code   RO          885    .ARM.Collect$$libinit$$0000000A  c_w.l(libinit2.o)
    0x00000490   0x00000000   Code   RO          887    .ARM.Collect$$libinit$$0000000C  c_w.l(libinit2.o)
    0x00000490   0x00000000   Code   RO          889    .ARM.Collect$$libinit$$0000000E  c_w.l(libinit2.o)
    0x00000490   0x00000000   Code   RO          892    .ARM.Collect$$libinit$$00000011  c_w.l(libinit2.o)
    0x00000490   0x00000000   Code   RO          894    .ARM.Collect$$libinit$$00000013  c_w.l(libinit2.o)
    0x00000490   0x00000000   Code   RO          896    .ARM.Collect$$libinit$$00000015  c_w.l(libinit2.o)
    0x00000490   0x00000000   Code   RO          898    .ARM.Collect$$libinit$$00000017  c_w.l(libinit2.o)
    0x00000490   0x00000000   Code   RO          900    .ARM.Collect$$libinit$$00000019  c_w.l(libinit2.o)
    0x00000490   0x00000000   Code   RO          902    .ARM.Collect$$libinit$$0000001B  c_w.l(libinit2.o)
    0x00000490   0x00000000   Code   RO          904    .ARM.Collect$$libinit$$0000001D  c_w.l(libinit2.o)
    0x00000490   0x00000000   Code   RO          906    .ARM.Collect$$libinit$$0000001F  c_w.l(libinit2.o)
    0x00000490   0x00000000   Code   RO          908    .ARM.Collect$$libinit$$00000021  c_w.l(libinit2.o)
    0x00000490   0x00000000   Code   RO          910    .ARM.Collect$$libinit$$00000023  c_w.l(libinit2.o)
    0x00000490   0x00000000   Code   RO          912    .ARM.Collect$$libinit$$00000025  c_w.l(libinit2.o)
    0x00000490   0x00000000   Code   RO          916    .ARM.Collect$$libinit$$0000002C  c_w.l(libinit2.o)
    0x00000490   0x00000000   Code   RO          918    .ARM.Collect$$libinit$$0000002E  c_w.l(libinit2.o)
    0x00000490   0x00000000   Code   RO          920    .ARM.Collect$$libinit$$00000030  c_w.l(libinit2.o)
    0x00000490   0x00000000   Code   RO          922    .ARM.Collect$$libinit$$00000032  c_w.l(libinit2.o)
    0x00000490   0x00000002   Code   RO          923    .ARM.Collect$$libinit$$00000033  c_w.l(libinit2.o)
    0x00000492   0x00000002   Code   RO          943    .ARM.Collect$$libshutdown$$00000000  c_w.l(libshutdown.o)
    0x00000494   0x00000000   Code   RO          956    .ARM.Collect$$libshutdown$$00000002  c_w.l(libshutdown2.o)
    0x00000494   0x00000000   Code   RO          958    .ARM.Collect$$libshutdown$$00000004  c_w.l(libshutdown2.o)
    0x00000494   0x00000000   Code   RO          961    .ARM.Collect$$libshutdown$$00000007  c_w.l(libshutdown2.o)
    0x00000494   0x00000000   Code   RO          964    .ARM.Collect$$libshutdown$$0000000A  c_w.l(libshutdown2.o)
    0x00000494   0x00000000   Code   RO          966    .ARM.Collect$$libshutdown$$0000000C  c_w.l(libshutdown2.o)
    0x00000494   0x00000000   Code   RO          969    .ARM.Collect$$libshutdown$$0000000F  c_w.l(libshutdown2.o)
    0x00000494   0x00000002   Code   RO          970    .ARM.Collect$$libshutdown$$00000010  c_w.l(libshutdown2.o)
    0x00000496   0x00000000   Code   RO          824    .ARM.Collect$$rtentry$$00000000  c_w.l(__rtentry.o)
    0x00000496   0x00000000   Code   RO          842    .ARM.Collect$$rtentry$$00000002  c_w.l(__rtentry2.o)
    0x00000496   0x00000006   Code   RO          854    .ARM.Collect$$rtentry$$00000004  c_w.l(__rtentry4.o)
    0x0000049c   0x00000000   Code   RO          844    .ARM.Collect$$rtentry$$00000009  c_w.l(__rtentry2.o)
    0x0000049c   0x00000004   Code   RO          845    .ARM.Collect$$rtentry$$0000000A  c_w.l(__rtentry2.o)
    0x000004a0   0x00000000   Code   RO          847    .ARM.Collect$$rtentry$$0000000C  c_w.l(__rtentry2.o)
    0x000004a0   0x00000008   Code   RO          848    .ARM.Collect$$rtentry$$0000000D  c_w.l(__rtentry2.o)
    0x000004a8   0x00000002   Code   RO          877    .ARM.Collect$$rtexit$$00000000  c_w.l(rtexit.o)
    0x000004aa   0x00000000   Code   RO          925    .ARM.Collect$$rtexit$$00000002  c_w.l(rtexit2.o)
    0x000004aa   0x00000004   Code   RO          926    .ARM.Collect$$rtexit$$00000003  c_w.l(rtexit2.o)
    0x000004ae   0x00000006   Code   RO          927    .ARM.Collect$$rtexit$$00000004  c_w.l(rtexit2.o)
    0x000004b4   0x00000004   Code   RO          484    .revsh_text         enet.o
    0x000004b8   0x000001bc   Code   RO            3    .text               system_mk60d10.o
    0x00000674   0x00000040   Code   RO           53    .text               startup_mk60d10.o
    0x000006b4   0x00000358   Code   RO           61    .text               main.o
    0x00000a0c   0x0000059c   Code   RO          116    .text               gpio.o
    0x00000fa8   0x00000960   Code   RO          143    .text               uart.o
    0x00001908   0x00000160   Code   RO          177    .text               wdog.o
    0x00001a68   0x000001a0   Code   RO          202    .text               pit.o
    0x00001c08   0x0000060c   Code   RO          253    .text               adc.o
    0x00002214   0x00000e20   Code   RO          276    .text               ftm.o
    0x00003034   0x00000548   Code   RO          331    .text               spi.o
    0x0000357c   0x0000023c   Code   RO          358    .text               lptmr.o
    0x000037b8   0x00000472   Code   RO          384    .text               dma.o
    0x00003c2a   0x00000002   PAD
    0x00003c2c   0x00000400   Code   RO          459    .text               rtc.o
    0x0000402c   0x000005b8   Code   RO          485    .text               enet.o
    0x000045e4   0x0000026c   Code   RO          514    .text               tsi.o
    0x00004850   0x00000170   Code   RO          539    .text               common.o
    0x000049c0   0x000007e8   Code   RO          585    .text               can.o
    0x000051a8   0x000005b0   Code   RO          652    .text               dac.o
    0x00005758   0x00000320   Code   RO          678    .text               pdb.o
    0x00005a78   0x000004c4   Code   RO          727    .text               myoled.o
    0x00005f3c   0x00000018   Code   RO          762    .text               c_w.l(noretval__2printf.o)
    0x00005f54   0x00000068   Code   RO          764    .text               c_w.l(__printf.o)
    0x00005fbc   0x00000078   Code   RO          766    .text               c_w.l(_printf_dec.o)
    0x00006034   0x0000008a   Code   RO          790    .text               c_w.l(rt_memcpy_v6.o)
    0x000060be   0x00000006   Code   RO          792    .text               c_w.l(heapauxi.o)
    0x000060c4   0x000000b2   Code   RO          825    .text               c_w.l(_printf_intcommon.o)
    0x00006176   0x00000002   PAD
    0x00006178   0x00000024   Code   RO          827    .text               c_w.l(_printf_char_file.o)
    0x0000619c   0x00000064   Code   RO          830    .text               c_w.l(rt_memcpy_w.o)
    0x00006200   0x00000030   Code   RO          856    .text               c_w.l(_printf_char_common.o)
    0x00006230   0x00000008   Code   RO          858    .text               c_w.l(ferror.o)
    0x00006238   0x0000004a   Code   RO          862    .text               c_w.l(sys_stackheap_outer.o)
    0x00006282   0x00000012   Code   RO          866    .text               c_w.l(exit.o)
    0x00006294   0x00000008   Code   RO          874    .text               c_w.l(libspace.o)
    0x0000629c   0x0000000c   Code   RO          935    .text               c_w.l(sys_exit.o)
    0x000062a8   0x00000002   Code   RO          946    .text               c_w.l(use_no_semi.o)
    0x000062aa   0x00000000   Code   RO          948    .text               c_w.l(indicate_semi.o)
    0x000062aa   0x00000002   PAD
    0x000062ac   0x00000062   Code   RO          796    x$fpl$d2f           fz_ws.l(d2f.o)
    0x0000630e   0x00000002   PAD
    0x00006310   0x000002b0   Code   RO          799    x$fpl$ddiv          fz_ws.l(ddiv.o)
    0x000065c0   0x00000154   Code   RO          802    x$fpl$dmul          fz_ws.l(dmul.o)
    0x00006714   0x0000009c   Code   RO          832    x$fpl$dnaninf       fz_ws.l(dnaninf.o)
    0x000067b0   0x0000000c   Code   RO          834    x$fpl$dretinf       fz_ws.l(dretinf.o)
    0x000067bc   0x00000056   Code   RO          804    x$fpl$f2d           fz_ws.l(f2d.o)
    0x00006812   0x00000002   PAD
    0x00006814   0x000000c4   Code   RO          806    x$fpl$fadd          fz_ws.l(faddsub_clz.o)
    0x000068d8   0x0000003e   Code   RO          812    x$fpl$ffixu         fz_ws.l(ffixu.o)
    0x00006916   0x00000002   PAD
    0x00006918   0x00000026   Code   RO          816    x$fpl$ffltu         fz_ws.l(fflt_clz.o)
    0x0000693e   0x00000002   PAD
    0x00006940   0x00000102   Code   RO          822    x$fpl$fmul          fz_ws.l(fmul.o)
    0x00006a42   0x0000008c   Code   RO          836    x$fpl$fnaninf       fz_ws.l(fnaninf.o)
    0x00006ace   0x0000000a   Code   RO          838    x$fpl$fretinf       fz_ws.l(fretinf.o)
    0x00006ad8   0x00000014   Code   RO          807    x$fpl$frsb          fz_ws.l(faddsub_clz.o)
    0x00006aec   0x000000ea   Code   RO          808    x$fpl$fsub          fz_ws.l(faddsub_clz.o)
    0x00006bd6   0x00000000   Code   RO          840    x$fpl$usenofp       fz_ws.l(usenofp.o)
    0x00006bd6   0x00000002   PAD
    0x00006bd8   0x00000041   Data   RO          118    .constdata          gpio.o
    0x00006c19   0x00000003   PAD
    0x00006c1c   0x00000084   Data   RO          145    .constdata          uart.o
    0x00006ca0   0x00000004   Data   RO          204    .constdata          pit.o
    0x00006ca4   0x00000022   Data   RO          254    .constdata          adc.o
    0x00006cc6   0x00000002   PAD
    0x00006cc8   0x0000003f   Data   RO          278    .constdata          ftm.o
    0x00006d07   0x00000001   PAD
    0x00006d08   0x00000084   Data   RO          333    .constdata          spi.o
    0x00006d8c   0x00000010   Data   RO          359    .constdata          lptmr.o
    0x00006d9c   0x00000014   Data   RO          386    .constdata          dma.o
    0x00006db0   0x00000034   Data   RO          460    .constdata          rtc.o
    0x00006de4   0x00000022   Data   RO          586    .constdata          can.o
    0x00006e06   0x00000002   PAD
    0x00006e08   0x0000000a   Data   RO          653    .constdata          dac.o
    0x00006e12   0x00000004   Data   RO          679    .constdata          pdb.o
    0x00006e16   0x000017c0   Data   RO          729    .constdata          myoled.o
    0x000085d6   0x00000002   PAD
    0x000085d8   0x00000011   Data   RO          146    .conststring        uart.o
    0x000085e9   0x00000003   PAD
    0x000085ec   0x00000040   Data   RO         1001    Region$$Table       anon$$obj.o


    Execution Region RW_IRAM2 (Base: 0x1fff0000, Size: 0x00001020, Max: 0x00010000, ABSOLUTE)

    Base Addr    Size         Type   Attr      Idx    E Section Name        Object

    0x1fff0000   0x00000004   Data   RW            4    .data               system_mk60d10.o
    0x1fff0004   0x00000011   Data   RW          147    .data               uart.o
    0x1fff0015   0x00000003   PAD
    0x1fff0018   0x00000004   Data   RW          178    .data               wdog.o
    0x1fff001c   0x00000004   Data   RW          360    .data               lptmr.o
    0x1fff0020   0x00000034   Data   RW          461    .data               rtc.o
    0x1fff0054   0x00000010   Data   RW          487    .data               enet.o
    0x1fff0064   0x00000044   Data   RW          515    .data               tsi.o
    0x1fff00a8   0x00000008   Data   RW          587    .data               can.o
    0x1fff00b0   0x00000004   Data   RW          680    .data               pdb.o
    0x1fff00b4   0x00000014   Zero   RW          117    .bss                gpio.o
    0x1fff00c8   0x00000030   Zero   RW          144    .bss                uart.o
    0x1fff00f8   0x00000010   Zero   RW          203    .bss                pit.o
    0x1fff0108   0x0000000c   Zero   RW          277    .bss                ftm.o
    0x1fff0114   0x0000000c   Zero   RW          332    .bss                spi.o
    0x1fff0120   0x00000040   Zero   RW          385    .bss                dma.o
    0x1fff0160   0x0000065e   Zero   RW          486    .bss                enet.o
    0x1fff07be   0x00000400   Zero   RW          728    .bss                myoled.o
    0x1fff0bbe   0x00000002   PAD
    0x1fff0bc0   0x00000060   Zero   RW          875    .bss                c_w.l(libspace.o)
    0x1fff0c20   0x00000400   Zero   RW           50    HEAP                startup_mk60d10.o


    Execution Region RW_IRAM1 (Base: 0x20000000, Size: 0x00001018, Max: 0x00010000, ABSOLUTE)

    Base Addr    Size         Type   Attr      Idx    E Section Name        Object

    0x20000000   0x00000004   Data   RW          205    .data               pit.o
    0x20000004   0x00000008   Data   RW          255    .data               adc.o
    0x2000000c   0x00000004   Data   RW          387    .data               dma.o
    0x20000010   0x00000008   Data   RW          654    .data               dac.o
    0x20000018   0x00001000   Zero   RW           49    STACK               startup_mk60d10.o


==============================================================================

Image component sizes


      Code (inc. data)   RO Data    RW Data    ZI Data      Debug   Object Name

      1548         36         34          8          0       4735   adc.o
      2024         26         34          8          0       8579   can.o
       368         26          0          0          0       3676   common.o
      1456         34         10          8          0       5281   dac.o
      1138         30         20          4         64      10070   dma.o
      1468         74          0         16       1630       8057   enet.o
      3616         70         63          0         12      10703   ftm.o
      1436         62         65          0         20      28566   gpio.o
       572         18         16          4          0       3960   lptmr.o
       856        134          0          0          0      10651   main.o
      1220         20       6080          0       1024       5471   myoled.o
       800         24          4          4          0       4772   pdb.o
       416         30          4          4         16       3866   pit.o
      1024         34         52         52          0       5866   rtc.o
      1352         44        132          0         12       7116   spi.o
        80         42       1024          0       5120       1196   startup_mk60d10.o
       444         36          0          4          0     241037   system_mk60d10.o
       620         22          0         68          0       5132   tsi.o
      2400         70        149         17         48      31297   uart.o
       352         14          0          4          0       3649   wdog.o

    ----------------------------------------------------------------------
     23192        846       7764        204       7948     403680   Object Totals
         0          0         64          0          0          0   (incl. Generated)
         2          0         13          3          2          0   (incl. Padding)

    ----------------------------------------------------------------------

      Code (inc. data)   RO Data    RW Data    ZI Data      Debug   Library Member Name

         8          0          0          0          0         68   __main.o
       104          0          0          0          0         84   __printf.o
         0          0          0          0          0          0   __rtentry.o
        12          0          0          0          0          0   __rtentry2.o
         6          0          0          0          0          0   __rtentry4.o
        52          8          0          0          0          0   __scatter.o
        26          0          0          0          0          0   __scatter_copy.o
        28          0          0          0          0          0   __scatter_zi.o
        48          6          0          0          0         96   _printf_char_common.o
        36          4          0          0          0         80   _printf_char_file.o
         6          0          0          0          0          0   _printf_d.o
       120         16          0          0          0         92   _printf_dec.o
       178          0          0          0          0         88   _printf_intcommon.o
         0          0          0          0          0          0   _printf_percent.o
         4          0          0          0          0          0   _printf_percent_end.o
        18          0          0          0          0         80   exit.o
         8          0          0          0          0         68   ferror.o
         6          0          0          0          0        152   heapauxi.o
         0          0          0          0          0          0   indicate_semi.o
         2          0          0          0          0          0   libinit.o
         2          0          0          0          0          0   libinit2.o
         2          0          0          0          0          0   libshutdown.o
         2          0          0          0          0          0   libshutdown2.o
         8          4          0          0         96         68   libspace.o
        24          4          0          0          0         84   noretval__2printf.o
       138          0          0          0          0         68   rt_memcpy_v6.o
       100          0          0          0          0         80   rt_memcpy_w.o
         2          0          0          0          0          0   rtexit.o
        10          0          0          0          0          0   rtexit2.o
        12          4          0          0          0         68   sys_exit.o
        74          0          0          0          0         80   sys_stackheap_outer.o
         2          0          0          0          0         68   use_no_semi.o
        98          4          0          0          0         92   d2f.o
       688        140          0          0          0        208   ddiv.o
       340         12          0          0          0        104   dmul.o
       156          4          0          0          0         92   dnaninf.o
        12          0          0          0          0         68   dretinf.o
        86          4          0          0          0         84   f2d.o
       450          8          0          0          0        236   faddsub_clz.o
        62          4          0          0          0         84   ffixu.o
        38          0          0          0          0         68   fflt_clz.o
       258          4          0          0          0         84   fmul.o
       140          4          0          0          0         84   fnaninf.o
        10          0          0          0          0         68   fretinf.o
         0          0          0          0          0          0   usenofp.o

    ----------------------------------------------------------------------
      3392        230          0          0         96       2596   Library Totals
        16          0          0          0          0          0   (incl. Padding)

    ----------------------------------------------------------------------

      Code (inc. data)   RO Data    RW Data    ZI Data      Debug   Library Name

      1038         46          0          0         96       1324   c_w.l
      2338        184          0          0          0       1272   fz_ws.l

    ----------------------------------------------------------------------
      3392        230          0          0         96       2596   Library Totals

    ----------------------------------------------------------------------

==============================================================================


      Code (inc. data)   RO Data    RW Data    ZI Data      Debug   

     26584       1076       7764        204       8044     402528   Grand Totals
     26584       1076       7764        204       8044     402528   ELF Image Totals
     26584       1076       7764        204          0          0   ROM Totals

==============================================================================

    Total RO  Size (Code + RO Data)                34348 (  33.54kB)
    Total RW  Size (RW Data + ZI Data)              8248 (   8.05kB)
    Total ROM Size (Code + RO Data + RW Data)      34552 (  33.74kB)

==============================================================================

