<html>
<body>
<pre>
<h1>礦ision Build Log</h1>
<h2>Tool Versions:</h2>
IDE-Version: μVision V5.23.0.0
Copyright (C) 2017 ARM Ltd and ARM Germany GmbH. All rights reserved.
License Information: xxxlzjxxx xxxlzjxxx, HYOC, LIC=Z3CWF-6740A-662QS-L024I-1PV1A-LFZDN
 
Tool Versions:
Toolchain:       MDK-ARM Professional  Version: 5.23
Toolchain Path:  D:\Keil_v5\ARM\ARMCC\Bin
C Compiler:      Armcc.exe V5.06 update 4 (build 422)
Assembler:       Armasm.exe V5.06 update 4 (build 422)
Linker/Locator:  ArmLink.exe V5.06 update 4 (build 422)
Library Manager: ArmAr.exe V5.06 update 4 (build 422)
Hex Converter:   FromElf.exe V5.06 update 4 (build 422)
CPU DLL:         SARMCM3.DLL V5.23
Dialog DLL:      DCM.DLL V1.15.0.0
Target DLL:      Segger\JL2CM3.dll V2.99.23.0
Dialog DLL:      TCM.DLL V1.27.0.0
 
<h2>Project:</h2>
H:\MBEDBoard\88E6071_TEST_V10A\PROGRAM\Project\超核K60-K64开发板-应用例程\25-OLED显示\MDK\templete.uvprojx
Project File Date:  01/25/2018

<h2>Output:</h2>
*** Using Compiler 'V5.06 update 4 (build 422)', folder: 'D:\Keil_v5\ARM\ARMCC\Bin'
Build target 'mk60d10'
compiling main.c...
..\src\main.c(142): warning:  #940-D: missing return statement at end of non-void function "Get_Adc0" 
  }
..\src\main.c(152): warning:  #940-D: missing return statement at end of non-void function "Get_Adc1" 
  }
..\src\main.c: 2 warnings, 0 errors
linking...
Program Size: Code=26584 RO-data=7764 RW-data=204 ZI-data=8044  
FromELF: creating hex file...
After Build - User command #1: fromelf --bin -o "H:\MBEDBoard\88E6071_TEST_V10A\PROGRAM\Project\超核K60-K64开发板-应用例程\25-OLED显示\MDK\mk60d10\flash\templete.bin" "H:\MBEDBoard\88E6071_TEST_V10A\PROGRAM\Project\超核K60-K64开发板-应用例程\25-OLED显示\MDK\mk60d10\flash\templete.axf"
".\mk60d10\flash\templete.axf" - 0 Error(s), 2 Warning(s).

<h2>Collection of Component include folders:</h2>
  .\RTE\_mk60d10
  D:\Keil_v5\ARM\PACK\Keil\Kinetis_K60_DFP\1.5.0\Device\Include

<h2>Collection of Component Files used:</h2>
Build Time Elapsed:  00:00:02
</pre>
</body>
</html>
