<html>
<body>
<pre>
<h1>礦ision Build Log</h1>
<h2>Tool Versions:</h2>
IDE-Version: μVision V5.37.0.0
Copyright (C) 2022 ARM Ltd and ARM Germany GmbH. All rights reserved.
License Information: xxxlzjxxx xxxlzjxxx, HYOC, LIC=21E4T-RK1BA-MM49I-TKG68-CML3P-T89ZB
 
Tool Versions:
Toolchain:       MDK-ARM Plus  Version: 5.37.0.0
Toolchain Path:  D:\Keil_v5\ARM\ARMCC\Bin
C Compiler:      Armcc.exe V5.06 update 7 (build 960)
Assembler:       Armasm.exe V5.06 update 7 (build 960)
Linker/Locator:  ArmLink.exe V5.06 update 7 (build 960)
Library Manager: ArmAr.exe V5.06 update 7 (build 960)
Hex Converter:   FromElf.exe V5.06 update 7 (build 960)
CPU DLL:         SARMCM3.DLL V5.37.0.0
Dialog DLL:      DCM.DLL V1.17.5.0
Target DLL:      STLink\ST-LINKIII-KEIL_SWO.dll V3.0.9.0
Dialog DLL:      TCM.DLL V1.56.1.0
 
<h2>Project:</h2>
G:\github\MBEDBoard\SOFTWARE\F103RC_HCHO_TEST\USER\PICTURE.uvprojx
Project File Date:  07/14/2022

<h2>Output:</h2>
*** Using Compiler 'V5.06 update 7 (build 960)', folder: 'D:\Keil_v5\ARM\ARMCC\Bin'
Build target 'Target 1'
compiling stm32f10x_it.c...
compiling system_stm32f10x.c...
compiling led.c...
compiling main.c...
main.c(62): warning:  #167-D: argument of type "u8 *" is incompatible with parameter of type "char *restrict"
                  sprintf(aa,"0x%X",HCHObuf[i]);
main.c(70): warning:  #167-D: argument of type "u8 *" is incompatible with parameter of type "char *restrict"
              sprintf(aa,"%2.5f",hcho);//浮点型数据转为指定格式的字符串        
main.c(74): warning:  #167-D: argument of type "u8 *" is incompatible with parameter of type "char *restrict"
              sprintf(aa,"%2.2f",Tem_Value);//浮点型数据转为指定格式的字符串
main.c(78): warning:  #167-D: argument of type "u8 *" is incompatible with parameter of type "char *restrict"
              sprintf(aa,"%2.2f",RH_Value);//浮点型数据转为指定格式的字符串
main.c(29): warning:  #177-D: variable "j"  was declared but never referenced
      u16 j=0;
main.c: 5 warnings, 0 errors
compiling hcho.c...
compiling TemAndHum.c...
compiling myiic.c...
compiling lcd.c...
compiling delay.c...
compiling usart.c...
assembling startup_stm32f10x_md.s...
compiling sys.c...
compiling core_cm3.c...
compiling stm32f10x_gpio.c...
compiling stm32f10x_rcc.c...
compiling misc.c...
compiling stm32f10x_usart.c...
compiling stm32f10x_spi.c...
compiling stm32f10x_tim.c...
linking...
Program Size: Code=29392 RO-data=6348 RW-data=76 ZI-data=1308  
FromELF: creating hex file...
"..\OBJ\PICTURE.axf" - 0 Error(s), 5 Warning(s).

<h2>Software Packages used:</h2>

Package Vendor: Keil
                http://www.keil.com/pack/Keil.STM32F1xx_DFP.2.3.0.pack
                Keil.STM32F1xx_DFP.2.3.0
                STMicroelectronics STM32F1 Series Device Support, Drivers and Examples

<h2>Collection of Component include folders:</h2>
  D:/keil_v5/ARM/PACK/Keil/STM32F1xx_DFP/2.3.0/Device/Include

<h2>Collection of Component Files used:</h2>
Build Time Elapsed:  00:00:03
</pre>
</body>
</html>
